Component: ARM Compiler 5.06 update 7 (build 960) Tool: armlink [4d3601]

==============================================================================

Section Cross References

    startup_stm32f407xx.o(STACK) refers (Special) to heapauxi.o(.text) for __use_two_region_memory
    startup_stm32f407xx.o(HEAP) refers (Special) to heapauxi.o(.text) for __use_two_region_memory
    startup_stm32f407xx.o(RESET) refers (Special) to heapauxi.o(.text) for __use_two_region_memory
    startup_stm32f407xx.o(RESET) refers to startup_stm32f407xx.o(STACK) for __initial_sp
    startup_stm32f407xx.o(RESET) refers to startup_stm32f407xx.o(.text) for Reset_Handler
    startup_stm32f407xx.o(RESET) refers to stm32f4xx_it.o(i.NMI_Handler) for NMI_Handler
    startup_stm32f407xx.o(RESET) refers to stm32f4xx_it.o(i.HardFault_Handler) for HardFault_Handler
    startup_stm32f407xx.o(RESET) refers to stm32f4xx_it.o(i.MemManage_Handler) for MemManage_Handler
    startup_stm32f407xx.o(RESET) refers to stm32f4xx_it.o(i.BusFault_Handler) for BusFault_Handler
    startup_stm32f407xx.o(RESET) refers to stm32f4xx_it.o(i.UsageFault_Handler) for UsageFault_Handler
    startup_stm32f407xx.o(RESET) refers to port.o(.emb_text) for SVC_Handler
    startup_stm32f407xx.o(RESET) refers to stm32f4xx_it.o(i.DebugMon_Handler) for DebugMon_Handler
    startup_stm32f407xx.o(RESET) refers to port.o(i.SysTick_Handler) for SysTick_Handler
    startup_stm32f407xx.o(RESET) refers to stm32f4xx_it.o(i.EXTI0_IRQHandler) for EXTI0_IRQHandler
    startup_stm32f407xx.o(RESET) refers to stm32f4xx_it.o(i.EXTI4_IRQHandler) for EXTI4_IRQHandler
    startup_stm32f407xx.o(RESET) refers to stm32f4xx_it.o(i.DMA1_Stream5_IRQHandler) for DMA1_Stream5_IRQHandler
    startup_stm32f407xx.o(RESET) refers to stm32f4xx_it.o(i.DMA1_Stream6_IRQHandler) for DMA1_Stream6_IRQHandler
    startup_stm32f407xx.o(RESET) refers to stm32f4xx_it.o(i.TIM1_UP_TIM10_IRQHandler) for TIM1_UP_TIM10_IRQHandler
    startup_stm32f407xx.o(RESET) refers to stm32f4xx_it.o(i.USART2_IRQHandler) for USART2_IRQHandler
    startup_stm32f407xx.o(.text) refers (Special) to heapauxi.o(.text) for __use_two_region_memory
    startup_stm32f407xx.o(.text) refers to system_stm32f4xx.o(i.SystemInit) for SystemInit
    startup_stm32f407xx.o(.text) refers to __main.o(!!!main) for __main
    startup_stm32f407xx.o(.text) refers to startup_stm32f407xx.o(HEAP) for Heap_Mem
    startup_stm32f407xx.o(.text) refers to startup_stm32f407xx.o(STACK) for Stack_Mem
    main.o(i.HAL_GPIO_EXTI_Callback) refers to robot.o(i.delay_us) for delay_us
    main.o(i.HAL_GPIO_EXTI_Callback) refers to main.o(.data) for .data
    main.o(i.HAL_TIM_PeriodElapsedCallback) refers to stm32f4xx_hal.o(i.HAL_IncTick) for HAL_IncTick
    main.o(i.SystemClock_Config) refers to rt_memclr_w.o(.text) for __aeabi_memclr4
    main.o(i.SystemClock_Config) refers to stm32f4xx_hal_rcc.o(i.HAL_RCC_OscConfig) for HAL_RCC_OscConfig
    main.o(i.SystemClock_Config) refers to main.o(i.Error_Handler) for Error_Handler
    main.o(i.SystemClock_Config) refers to stm32f4xx_hal_rcc.o(i.HAL_RCC_ClockConfig) for HAL_RCC_ClockConfig
    main.o(i.main) refers to stm32f4xx_hal.o(i.HAL_Init) for HAL_Init
    main.o(i.main) refers to main.o(i.SystemClock_Config) for SystemClock_Config
    main.o(i.main) refers to gpio.o(i.MX_GPIO_Init) for MX_GPIO_Init
    main.o(i.main) refers to tim.o(i.MX_TIM5_Init) for MX_TIM5_Init
    main.o(i.main) refers to tim.o(i.MX_TIM10_Init) for MX_TIM10_Init
    main.o(i.main) refers to tim.o(i.MX_TIM11_Init) for MX_TIM11_Init
    main.o(i.main) refers to tim.o(i.MX_TIM13_Init) for MX_TIM13_Init
    main.o(i.main) refers to i2c.o(i.MX_I2C1_Init) for MX_I2C1_Init
    main.o(i.main) refers to dma.o(i.MX_DMA_Init) for MX_DMA_Init
    main.o(i.main) refers to usart.o(i.MX_USART2_UART_Init) for MX_USART2_UART_Init
    main.o(i.main) refers to tim.o(i.MX_TIM2_Init) for MX_TIM2_Init
    main.o(i.main) refers to stm32f4xx_hal.o(i.HAL_Delay) for HAL_Delay
    main.o(i.main) refers to stm32f4xx_hal_tim.o(i.HAL_TIM_PWM_Start) for HAL_TIM_PWM_Start
    main.o(i.main) refers to bluetooth.o(i.USER_DMA_Init) for USER_DMA_Init
    main.o(i.main) refers to oled.o(i.OLED_init) for OLED_init
    main.o(i.main) refers to robot.o(i.RobotCreat) for RobotCreat
    main.o(i.main) refers to robot.o(i.CreatMonitor) for CreatMonitor
    main.o(i.main) refers to freertos.o(i.MX_FREERTOS_Init) for MX_FREERTOS_Init
    main.o(i.main) refers to cmsis_os.o(i.osKernelStart) for osKernelStart
    main.o(i.main) refers to tim.o(.bss) for htim5
    main.o(i.main) refers to main.o(.data) for .data
    gpio.o(i.MX_GPIO_Init) refers to rt_memclr_w.o(.text) for __aeabi_memclr4
    gpio.o(i.MX_GPIO_Init) refers to stm32f4xx_hal_gpio.o(i.HAL_GPIO_WritePin) for HAL_GPIO_WritePin
    gpio.o(i.MX_GPIO_Init) refers to stm32f4xx_hal_gpio.o(i.HAL_GPIO_Init) for HAL_GPIO_Init
[...]
    __rt_lib_init_exceptions_1               0x0800024b   Thumb Code     0  libinit2.o(.ARM.Collect$$libinit$$00000030)
    __rt_lib_init_fp_trap_1                  0x0800024b   Thumb Code     0  libinit2.o(.ARM.Collect$$libinit$$0000001F)
    __rt_lib_init_getenv_1                   0x0800024b   Thumb Code     0  libinit2.o(.ARM.Collect$$libinit$$00000023)
    __rt_lib_init_heap_1                     0x0800024b   Thumb Code     0  libinit2.o(.ARM.Collect$$libinit$$0000000A)
    __rt_lib_init_lc_collate_1               0x0800024b   Thumb Code     0  libinit2.o(.ARM.Collect$$libinit$$00000011)
    __rt_lib_init_lc_ctype_1                 0x0800024b   Thumb Code     0  libinit2.o(.ARM.Collect$$libinit$$00000013)
    __rt_lib_init_lc_monetary_1              0x0800024b   Thumb Code     0  libinit2.o(.ARM.Collect$$libinit$$00000015)
    __rt_lib_init_lc_numeric_1               0x0800024b   Thumb Code     0  libinit2.o(.ARM.Collect$$libinit$$00000017)
    __rt_lib_init_lc_time_1                  0x0800024b   Thumb Code     0  libinit2.o(.ARM.Collect$$libinit$$00000019)
    __rt_lib_init_rand_1                     0x0800024b   Thumb Code     0  libinit2.o(.ARM.Collect$$libinit$$0000000E)
    __rt_lib_init_return                     0x0800024b   Thumb Code     0  libinit2.o(.ARM.Collect$$libinit$$00000033)
    __rt_lib_init_signal_1                   0x0800024b   Thumb Code     0  libinit2.o(.ARM.Collect$$libinit$$0000001D)
    __rt_lib_init_stdio_1                    0x0800024b   Thumb Code     0  libinit2.o(.ARM.Collect$$libinit$$00000025)
    __rt_lib_init_user_alloc_1               0x0800024b   Thumb Code     0  libinit2.o(.ARM.Collect$$libinit$$0000000C)
    __rt_lib_shutdown                        0x0800024d   Thumb Code     0  libshutdown.o(.ARM.Collect$$libshutdown$$00000000)
    __rt_lib_shutdown_cpp_1                  0x0800024f   Thumb Code     0  libshutdown2.o(.ARM.Collect$$libshutdown$$00000004)
    __rt_lib_shutdown_fini_1                 0x0800024f   Thumb Code     0  libshutdown2.o(.ARM.Collect$$libshutdown$$00000002)
    __rt_lib_shutdown_fp_trap_1              0x0800024f   Thumb Code     0  libshutdown2.o(.ARM.Collect$$libshutdown$$00000009)
    __rt_lib_shutdown_heap_1                 0x0800024f   Thumb Code     0  libshutdown2.o(.ARM.Collect$$libshutdown$$00000011)
    __rt_lib_shutdown_return                 0x0800024f   Thumb Code     0  libshutdown2.o(.ARM.Collect$$libshutdown$$00000012)
    __rt_lib_shutdown_signal_1               0x0800024f   Thumb Code     0  libshutdown2.o(.ARM.Collect$$libshutdown$$0000000C)
    __rt_lib_shutdown_stdio_1                0x0800024f   Thumb Code     0  libshutdown2.o(.ARM.Collect$$libshutdown$$00000006)
    __rt_lib_shutdown_user_alloc_1           0x0800024f   Thumb Code     0  libshutdown2.o(.ARM.Collect$$libshutdown$$0000000E)
    __rt_entry                               0x08000251   Thumb Code     0  __rtentry.o(.ARM.Collect$$rtentry$$00000000)
    __rt_entry_presh_1                       0x08000251   Thumb Code     0  __rtentry2.o(.ARM.Collect$$rtentry$$00000002)
    __rt_entry_sh                            0x08000251   Thumb Code     0  __rtentry4.o(.ARM.Collect$$rtentry$$00000004)
    __rt_entry_li                            0x08000257   Thumb Code     0  __rtentry2.o(.ARM.Collect$$rtentry$$0000000A)
    __rt_entry_postsh_1                      0x08000257   Thumb Code     0  __rtentry2.o(.ARM.Collect$$rtentry$$00000009)
    __rt_entry_main                          0x0800025b   Thumb Code     0  __rtentry2.o(.ARM.Collect$$rtentry$$0000000D)
    __rt_entry_postli_1                      0x0800025b   Thumb Code     0  __rtentry2.o(.ARM.Collect$$rtentry$$0000000C)
    __rt_exit                                0x08000263   Thumb Code     0  rtexit.o(.ARM.Collect$$rtexit$$00000000)
    __rt_exit_ls                             0x08000265   Thumb Code     0  rtexit2.o(.ARM.Collect$$rtexit$$00000003)
    __rt_exit_prels_1                        0x08000265   Thumb Code     0  rtexit2.o(.ARM.Collect$$rtexit$$00000002)
    __rt_exit_exit                           0x08000269   Thumb Code     0  rtexit2.o(.ARM.Collect$$rtexit$$00000004)
    SVC_Handler                              0x08000271   Thumb Code    28  port.o(.emb_text)
    __asm___6_port_c_39a90d8d__prvStartFirstTask 0x08000291   Thumb Code    36  port.o(.emb_text)
    __asm___6_port_c_39a90d8d__prvEnableVFP  0x080002b9   Thumb Code    16  port.o(.emb_text)
    PendSV_Handler                           0x080002cd   Thumb Code    88  port.o(.emb_text)
    vPortGetIPSR                             0x08000329   Thumb Code     6  port.o(.emb_text)
    Reset_Handler                            0x08000331   Thumb Code     8  startup_stm32f407xx.o(.text)
    _maybe_terminate_alloc                   0x08000331   Thumb Code     0  maybetermalloc1.o(.emb_text)
    ADC_IRQHandler                           0x0800034b   Thumb Code     0  startup_stm32f407xx.o(.text)
    CAN1_RX0_IRQHandler                      0x0800034b   Thumb Code     0  startup_stm32f407xx.o(.text)
    CAN1_RX1_IRQHandler                      0x0800034b   Thumb Code     0  startup_stm32f407xx.o(.text)
    CAN1_SCE_IRQHandler                      0x0800034b   Thumb Code     0  startup_stm32f407xx.o(.text)
    CAN1_TX_IRQHandler                       0x0800034b   Thumb Code     0  startup_stm32f407xx.o(.text)
    CAN2_RX0_IRQHandler                      0x0800034b   Thumb Code     0  startup_stm32f407xx.o(.text)
    CAN2_RX1_IRQHandler                      0x0800034b   Thumb Code     0  startup_stm32f407xx.o(.text)
    CAN2_SCE_IRQHandler                      0x0800034b   Thumb Code     0  startup_stm32f407xx.o(.text)
    CAN2_TX_IRQHandler                       0x0800034b   Thumb Code     0  startup_stm32f407xx.o(.text)
    DCMI_IRQHandler                          0x0800034b   Thumb Code     0  startup_stm32f407xx.o(.text)
    DMA1_Stream0_IRQHandler                  0x0800034b   Thumb Code     0  startup_stm32f407xx.o(.text)
    DMA1_Stream1_IRQHandler                  0x0800034b   Thumb Code     0  startup_stm32f407xx.o(.text)
    DMA1_Stream2_IRQHandler                  0x0800034b   Thumb Code     0  startup_stm32f407xx.o(.text)
    DMA1_Stream3_IRQHandler                  0x0800034b   Thumb Code     0  startup_stm32f407xx.o(.text)
    DMA1_Stream4_IRQHandler                  0x0800034b   Thumb Code     0  startup_stm32f407xx.o(.text)
    DMA1_Stream7_IRQHandler                  0x0800034b   Thumb Code     0  startup_stm32f407xx.o(.text)
    DMA2_Stream0_IRQHandler                  0x0800034b   Thumb Code     0  startup_stm32f407xx.o(.text)
    DMA2_Stream1_IRQHandler                  0x0800034b   Thumb Code     0  startup_stm32f407xx.o(.text)
    DMA2_Stream2_IRQHandler                  0x0800034b   Thumb Code     0  startup_stm32f407xx.o(.text)
    DMA2_Stream3_IRQHandler                  0x0800034b   Thumb Code     0  startup_stm32f407xx.o(.text)
    DMA2_Stream4_IRQHandler                  0x0800034b   Thumb Code     0  startup_stm32f407xx.o(.text)
    DMA2_Stream5_IRQHandler                  0x0800034b   Thumb Code     0  startup_stm32f407xx.o(.text)
    DMA2_Stream6_IRQHandler                  0x0800034b   Thumb Code     0  startup_stm32f407xx.o(.text)
    DMA2_Stream7_IRQHandler                  0x0800034b   Thumb Code     0  startup_stm32f407xx.o(.text)
    ETH_IRQHandler                           0x0800034b   Thumb Code     0  startup_stm32f407xx.o(.text)
    ETH_WKUP_IRQHandler                      0x0800034b   Thumb Code     0  startup_stm32f407xx.o(.text)
    EXTI15_10_IRQHandler                     0x0800034b   Thumb Code     0  startup_stm32f407xx.o(.text)
    EXTI1_IRQHandler                         0x0800034b   Thumb Code     0  startup_stm32f407xx.o(.text)
    EXTI2_IRQHandler                         0x0800034b   Thumb Code     0  startup_stm32f407xx.o(.text)
    EXTI3_IRQHandler                         0x0800034b   Thumb Code     0  startup_stm32f407xx.o(.text)
    EXTI9_5_IRQHandler                       0x0800034b   Thumb Code     0  startup_stm32f407xx.o(.text)
    FLASH_IRQHandler                         0x0800034b   Thumb Code     0  startup_stm32f407xx.o(.text)
    FMC_IRQHandler                           0x0800034b   Thumb Code     0  startup_stm32f407xx.o(.text)
    FPU_IRQHandler                           0x0800034b   Thumb Code     0  startup_stm32f407xx.o(.text)
    HASH_RNG_IRQHandler                      0x0800034b   Thumb Code     0  startup_stm32f407xx.o(.text)
    I2C1_ER_IRQHandler                       0x0800034b   Thumb Code     0  startup_stm32f407xx.o(.text)
    I2C1_EV_IRQHandler                       0x0800034b   Thumb Code     0  startup_stm32f407xx.o(.text)
    I2C2_ER_IRQHandler                       0x0800034b   Thumb Code     0  startup_stm32f407xx.o(.text)
    I2C2_EV_IRQHandler                       0x0800034b   Thumb Code     0  startup_stm32f407xx.o(.text)
    I2C3_ER_IRQHandler                       0x0800034b   Thumb Code     0  startup_stm32f407xx.o(.text)
    I2C3_EV_IRQHandler                       0x0800034b   Thumb Code     0  startup_stm32f407xx.o(.text)
    OTG_FS_IRQHandler                        0x0800034b   Thumb Code     0  startup_stm32f407xx.o(.text)
    OTG_FS_WKUP_IRQHandler                   0x0800034b   Thumb Code     0  startup_stm32f407xx.o(.text)
    OTG_HS_EP1_IN_IRQHandler                 0x0800034b   Thumb Code     0  startup_stm32f407xx.o(.text)
    OTG_HS_EP1_OUT_IRQHandler                0x0800034b   Thumb Code     0  startup_stm32f407xx.o(.text)
    OTG_HS_IRQHandler                        0x0800034b   Thumb Code     0  startup_stm32f407xx.o(.text)
    OTG_HS_WKUP_IRQHandler                   0x0800034b   Thumb Code     0  startup_stm32f407xx.o(.text)
    PVD_IRQHandler                           0x0800034b   Thumb Code     0  startup_stm32f407xx.o(.text)
    RCC_IRQHandler                           0x0800034b   Thumb Code     0  startup_stm32f407xx.o(.text)
    RTC_Alarm_IRQHandler                     0x0800034b   Thumb Code     0  startup_stm32f407xx.o(.text)
    RTC_WKUP_IRQHandler                      0x0800034b   Thumb Code     0  startup_stm32f407xx.o(.text)
    SDIO_IRQHandler                          0x0800034b   Thumb Code     0  startup_stm32f407xx.o(.text)
    SPI1_IRQHandler                          0x0800034b   Thumb Code     0  startup_stm32f407xx.o(.text)
    SPI2_IRQHandler                          0x0800034b   Thumb Code     0  startup_stm32f407xx.o(.text)
    SPI3_IRQHandler                          0x0800034b   Thumb Code     0  startup_stm32f407xx.o(.text)
    TAMP_STAMP_IRQHandler                    0x0800034b   Thumb Code     0  startup_stm32f407xx.o(.text)
    TIM1_BRK_TIM9_IRQHandler                 0x0800034b   Thumb Code     0  startup_stm32f407xx.o(.text)
    TIM1_CC_IRQHandler                       0x0800034b   Thumb Code     0  startup_stm32f407xx.o(.text)
    TIM1_TRG_COM_TIM11_IRQHandler            0x0800034b   Thumb Code     0  startup_stm32f407xx.o(.text)
    TIM2_IRQHandler                          0x0800034b   Thumb Code     0  startup_stm32f407xx.o(.text)
    TIM3_IRQHandler                          0x0800034b   Thumb Code     0  startup_stm32f407xx.o(.text)
    TIM4_IRQHandler                          0x0800034b   Thumb Code     0  startup_stm32f407xx.o(.text)
    TIM5_IRQHandler                          0x0800034b   Thumb Code     0  startup_stm32f407xx.o(.text)
    TIM6_DAC_IRQHandler                      0x0800034b   Thumb Code     0  startup_stm32f407xx.o(.text)
    TIM7_IRQHandler                          0x0800034b   Thumb Code     0  startup_stm32f407xx.o(.text)
    TIM8_BRK_TIM12_IRQHandler                0x0800034b   Thumb Code     0  startup_stm32f407xx.o(.text)
    TIM8_CC_IRQHandler                       0x0800034b   Thumb Code     0  startup_stm32f407xx.o(.text)
    TIM8_TRG_COM_TIM14_IRQHandler            0x0800034b   Thumb Code     0  startup_stm32f407xx.o(.text)
    TIM8_UP_TIM13_IRQHandler                 0x0800034b   Thumb Code     0  startup_stm32f407xx.o(.text)
    UART4_IRQHandler                         0x0800034b   Thumb Code     0  startup_stm32f407xx.o(.text)
    UART5_IRQHandler                         0x0800034b   Thumb Code     0  startup_stm32f407xx.o(.text)
    USART1_IRQHandler                        0x0800034b   Thumb Code     0  startup_stm32f407xx.o(.text)
    USART3_IRQHandler                        0x0800034b   Thumb Code     0  startup_stm32f407xx.o(.text)
    USART6_IRQHandler                        0x0800034b   Thumb Code     0  startup_stm32f407xx.o(.text)
    WWDG_IRQHandler                          0x0800034b   Thumb Code     0  startup_stm32f407xx.o(.text)
    __user_initial_stackheap                 0x0800034d   Thumb Code     0  startup_stm32f407xx.o(.text)
    malloc                                   0x08000371   Thumb Code    94  h1_alloc.o(.text)
    __aeabi_uldivmod                         0x080003cf   Thumb Code     0  lludivv7m.o(.text)
    _ll_udiv                                 0x080003cf   Thumb Code   238  lludivv7m.o(.text)
    exit                                     0x080004bd   Thumb Code    18  exit.o(.text)
    strcpy                                   0x080004cf   Thumb Code    72  strcpy.o(.text)
    strcat                                   0x08000517   Thumb Code    24  strcat.o(.text)
    __aeabi_memcpy                           0x0800052f   Thumb Code     0  rt_memcpy_v6.o(.text)
    __rt_memcpy                              0x0800052f   Thumb Code   138  rt_memcpy_v6.o(.text)
    _memcpy_lastbytes                        0x08000595   Thumb Code     0  rt_memcpy_v6.o(.text)
    __aeabi_memcpy4                          0x080005b9   Thumb Code     0  rt_memcpy_w.o(.text)
    __aeabi_memcpy8                          0x080005b9   Thumb Code     0  rt_memcpy_w.o(.text)
    __rt_memcpy_w                            0x080005b9   Thumb Code   100  rt_memcpy_w.o(.text)
    _memcpy_lastbytes_aligned                0x08000601   Thumb Code     0  rt_memcpy_w.o(.text)
    __aeabi_memclr                           0x0800061d   Thumb Code     0  rt_memclr.o(.text)
    __rt_memclr                              0x0800061d   Thumb Code    68  rt_memclr.o(.text)
    _memset                                  0x08000621   Thumb Code     0  rt_memclr.o(.text)
    __aeabi_memclr4                          0x08000661   Thumb Code     0  rt_memclr_w.o(.text)
    __aeabi_memclr8                          0x08000661   Thumb Code     0  rt_memclr_w.o(.text)
    __rt_memclr_w                            0x08000661   Thumb Code    78  rt_memclr_w.o(.text)
    _memset_w                                0x08000665   Thumb Code     0  rt_memclr_w.o(.text)
    strcmp                                   0x080006b1   Thumb Code   128  strcmpv7m.o(.text)
    __use_two_region_memory                  0x08000731   Thumb Code     2  heapauxi.o(.text)
    __rt_heap_escrow                         0x08000733   Thumb Code     2  heapauxi.o(.text)
    __rt_heap_expand                         0x08000735   Thumb Code     2  heapauxi.o(.text)
    __rt_heap_descriptor                     0x08000739   Thumb Code     8  rt_heap_descriptor_intlibspace.o(.text)
    __use_no_heap                            0x08000741   Thumb Code     2  hguard.o(.text)
    __heap$guard                             0x08000743   Thumb Code     2  hguard.o(.text)
    _terminate_user_alloc                    0x08000745   Thumb Code     2  init_alloc.o(.text)
    _init_user_alloc                         0x08000747   Thumb Code     2  init_alloc.o(.text)
    __Heap_Full                              0x08000749   Thumb Code    34  init_alloc.o(.text)
    __Heap_Broken                            0x0800076b   Thumb Code     6  init_alloc.o(.text)
    _init_alloc                              0x08000771   Thumb Code    94  init_alloc.o(.text)
    __Heap_Initialize                        0x080007cf   Thumb Code    10  h1_init.o(.text)
    __Heap_DescSize                          0x080007d9   Thumb Code     4  h1_init.o(.text)
    free                                     0x080007dd   Thumb Code    78  h1_free.o(.text)
    __read_errno                             0x0800082b   Thumb Code    10  _rserrno.o(.text)
    __set_errno                              0x08000835   Thumb Code    12  _rserrno.o(.text)
    __user_libspace                          0x08000841   Thumb Code     8  libspace.o(.text)
    __user_perproc_libspace                  0x08000841   Thumb Code     0  libspace.o(.text)
    __user_perthread_libspace                0x08000841   Thumb Code     0  libspace.o(.text)
    __aeabi_errno_addr                       0x08000849   Thumb Code     8  rt_errno_addr_intlibspace.o(.text)
    __errno$intlibspace                      0x08000849   Thumb Code     0  rt_errno_addr_intlibspace.o(.text)
    __rt_errno_addr$intlibspace              0x08000849   Thumb Code     0  rt_errno_addr_intlibspace.o(.text)
    __Heap_ProvideMemory                     0x08000851   Thumb Code    52  h1_extend.o(.text)
    __rt_SIGRTMEM                            0x08000885   Thumb Code    14  defsig_rtmem_outer.o(.text)
    _sys_exit                                0x08000895   Thumb Code     8  sys_exit.o(.text)
    __I$use$semihosting                      0x080008a1   Thumb Code     0  use_no_semi.o(.text)
    __use_no_semihosting_swi                 0x080008a1   Thumb Code     2  use_no_semi.o(.text)
    __semihosting_library_function           0x080008a3   Thumb Code     0  indicate_semi.o(.text)
    __user_setup_stackheap                   0x080008a3   Thumb Code    74  sys_stackheap_outer.o(.text)
    __sig_exit                               0x080008ed   Thumb Code    10  defsig_exit.o(.text)
    __rt_SIGRTMEM_inner                      0x080008f9   Thumb Code    22  defsig_rtmem_inner.o(.text)
    __default_signal_display                 0x08000949   Thumb Code    50  defsig_general.o(.text)
    _ttywrch                                 0x0800097b   Thumb Code    14  sys_wrch.o(.text)
    BlueToothTalk                            0x08000989   Thumb Code   556  bluetooth.o(i.BlueToothTalk)
    BusFault_Handler                         0x08000bc5   Thumb Code     2  stm32f4xx_it.o(i.BusFault_Handler)
    Callback01                               0x08000bc7   Thumb Code     2  freertos.o(i.Callback01)
    ConfigCreat                              0x08000bc9   Thumb Code    14  pid.o(i.ConfigCreat)
    CreatMonitor                             0x08000bd7   Thumb Code    24  robot.o(i.CreatMonitor)
    DMA1_Stream5_IRQHandler                  0x08000bf1   Thumb Code     6  stm32f4xx_it.o(i.DMA1_Stream5_IRQHandler)
    DMA1_Stream6_IRQHandler                  0x08000bfd   Thumb Code     6  stm32f4xx_it.o(i.DMA1_Stream6_IRQHandler)
    DebugMon_Handler                         0x08000cd7   Thumb Code     2  stm32f4xx_it.o(i.DebugMon_Handler)
    DirectionGet                             0x08000cd9   Thumb Code   154  motor.o(i.DirectionGet)
    EXTI0_IRQHandler                         0x08000d73   Thumb Code     6  stm32f4xx_it.o(i.EXTI0_IRQHandler)
    EXTI4_IRQHandler                         0x08000d79   Thumb Code     6  stm32f4xx_it.o(i.EXTI4_IRQHandler)
    Error_Handler                            0x08000d7f   Thumb Code     4  main.o(i.Error_Handler)
    HAL_DMA_Abort                            0x08000d83   Thumb Code   142  stm32f4xx_hal_dma.o(i.HAL_DMA_Abort)
    HAL_DMA_DeInit                           0x08000e11   Thumb Code   102  stm32f4xx_hal_dma.o(i.HAL_DMA_DeInit)
    HAL_DMA_IRQHandler                       0x08000e79   Thumb Code   460  stm32f4xx_hal_dma.o(i.HAL_DMA_IRQHandler)
    HAL_DMA_Init                             0x08001049   Thumb Code   208  stm32f4xx_hal_dma.o(i.HAL_DMA_Init)
    HAL_DMA_Start_IT                         0x0800111d   Thumb Code   110  stm32f4xx_hal_dma.o(i.HAL_DMA_Start_IT)
    HAL_Delay                                0x0800118d   Thumb Code    32  stm32f4xx_hal.o(i.HAL_Delay)
    HAL_GPIO_EXTI_Callback                   0x080011b1   Thumb Code    52  main.o(i.HAL_GPIO_EXTI_Callback)
    HAL_GPIO_EXTI_IRQHandler                 0x080011e9   Thumb Code    18  stm32f4xx_hal_gpio.o(i.HAL_GPIO_EXTI_IRQHandler)
    HAL_GPIO_Init                            0x08001201   Thumb Code   420  stm32f4xx_hal_gpio.o(i.HAL_GPIO_Init)
    HAL_GPIO_ReadPin                         0x080013d1   Thumb Code    14  stm32f4xx_hal_gpio.o(i.HAL_GPIO_ReadPin)
    HAL_GPIO_WritePin                        0x080013df   Thumb Code    14  stm32f4xx_hal_gpio.o(i.HAL_GPIO_WritePin)
    HAL_GetTick                              0x080013ed   Thumb Code     6  stm32f4xx_hal.o(i.HAL_GetTick)
    HAL_I2C_Init                             0x080013f9   Thumb Code   392  stm32f4xx_hal_i2c.o(i.HAL_I2C_Init)
    HAL_I2C_Master_Transmit                  0x08001591   Thumb Code   318  stm32f4xx_hal_i2c.o(i.HAL_I2C_Master_Transmit)
    HAL_I2C_MspInit                          0x080016d9   Thumb Code    92  i2c.o(i.HAL_I2C_MspInit)
    HAL_IncTick                              0x08001741   Thumb Code    12  stm32f4xx_hal.o(i.HAL_IncTick)
    HAL_Init                                 0x08001751   Thumb Code    48  stm32f4xx_hal.o(i.HAL_Init)
    HAL_InitTick                             0x08001785   Thumb Code   100  stm32f4xx_hal_timebase_tim.o(i.HAL_InitTick)
    HAL_MspInit                              0x080017f9   Thumb Code    52  stm32f4xx_hal_msp.o(i.HAL_MspInit)
    HAL_NVIC_EnableIRQ                       0x08001831   Thumb Code    26  stm32f4xx_hal_cortex.o(i.HAL_NVIC_EnableIRQ)
    HAL_NVIC_SetPriority                     0x0800184d   Thumb Code    60  stm32f4xx_hal_cortex.o(i.HAL_NVIC_SetPriority)
    HAL_NVIC_SetPriorityGrouping             0x0800188d   Thumb Code    26  stm32f4xx_hal_cortex.o(i.HAL_NVIC_SetPriorityGrouping)
    HAL_RCC_ClockConfig                      0x080018b1   Thumb Code   310  stm32f4xx_hal_rcc.o(i.HAL_RCC_ClockConfig)
    HAL_RCC_GetClockConfig                   0x080019fd   Thumb Code    52  stm32f4xx_hal_rcc.o(i.HAL_RCC_GetClockConfig)
    HAL_RCC_GetHCLKFreq                      0x08001a39   Thumb Code     6  stm32f4xx_hal_rcc.o(i.HAL_RCC_GetHCLKFreq)
    HAL_RCC_GetPCLK1Freq                     0x08001a45   Thumb Code    22  stm32f4xx_hal_rcc.o(i.HAL_RCC_GetPCLK1Freq)
    HAL_RCC_GetPCLK2Freq                     0x08001a65   Thumb Code    22  stm32f4xx_hal_rcc.o(i.HAL_RCC_GetPCLK2Freq)
    HAL_RCC_GetSysClockFreq                  0x08001a85   Thumb Code    94  stm32f4xx_hal_rcc.o(i.HAL_RCC_GetSysClockFreq)
    HAL_RCC_OscConfig                        0x08001af1   Thumb Code   942  stm32f4xx_hal_rcc.o(i.HAL_RCC_OscConfig)
    HAL_TIMEx_BreakCallback                  0x08001eb1   Thumb Code     2  stm32f4xx_hal_tim_ex.o(i.HAL_TIMEx_BreakCallback)
    HAL_TIMEx_CommutCallback                 0x08001eb3   Thumb Code     2  stm32f4xx_hal_tim_ex.o(i.HAL_TIMEx_CommutCallback)
    HAL_TIMEx_MasterConfigSynchronization    0x08001eb5   Thumb Code   114  stm32f4xx_hal_tim_ex.o(i.HAL_TIMEx_MasterConfigSynchronization)
    HAL_TIM_Base_Init                        0x08001f45   Thumb Code    74  stm32f4xx_hal_tim.o(i.HAL_TIM_Base_Init)
    HAL_TIM_Base_MspInit                     0x08001f91   Thumb Code   148  tim.o(i.HAL_TIM_Base_MspInit)
    HAL_TIM_Base_Start_IT                    0x08002039   Thumb Code   110  stm32f4xx_hal_tim.o(i.HAL_TIM_Base_Start_IT)
    HAL_TIM_ConfigClockSource                0x080020c5   Thumb Code   232  stm32f4xx_hal_tim.o(i.HAL_TIM_ConfigClockSource)
    HAL_TIM_IC_CaptureCallback               0x080021ad   Thumb Code     2  stm32f4xx_hal_tim.o(i.HAL_TIM_IC_CaptureCallback)
    HAL_TIM_IRQHandler                       0x080021af   Thumb Code   366  stm32f4xx_hal_tim.o(i.HAL_TIM_IRQHandler)
    HAL_TIM_MspPostInit                      0x0800231d   Thumb Code   244  tim.o(i.HAL_TIM_MspPostInit)
    HAL_TIM_OC_DelayElapsedCallback          0x0800242d   Thumb Code     2  stm32f4xx_hal_tim.o(i.HAL_TIM_OC_DelayElapsedCallback)
    HAL_TIM_PWM_ConfigChannel                0x0800242f   Thumb Code   216  stm32f4xx_hal_tim.o(i.HAL_TIM_PWM_ConfigChannel)
    HAL_TIM_PWM_Init                         0x08002507   Thumb Code    74  stm32f4xx_hal_tim.o(i.HAL_TIM_PWM_Init)
    HAL_TIM_PWM_MspInit                      0x08002551   Thumb Code     2  stm32f4xx_hal_tim.o(i.HAL_TIM_PWM_MspInit)
    HAL_TIM_PWM_PulseFinishedCallback        0x08002553   Thumb Code     2  stm32f4xx_hal_tim.o(i.HAL_TIM_PWM_PulseFinishedCallback)
    HAL_TIM_PWM_Start                        0x08002555   Thumb Code   190  stm32f4xx_hal_tim.o(i.HAL_TIM_PWM_Start)
    HAL_TIM_PWM_Stop                         0x08002631   Thumb Code   116  stm32f4xx_hal_tim.o(i.HAL_TIM_PWM_Stop)
    HAL_TIM_PeriodElapsedCallback            0x080026ad   Thumb Code    14  main.o(i.HAL_TIM_PeriodElapsedCallback)
    HAL_TIM_SlaveConfigSynchro               0x080026c1   Thumb Code    80  stm32f4xx_hal_tim.o(i.HAL_TIM_SlaveConfigSynchro)
    HAL_TIM_TriggerCallback                  0x08002711   Thumb Code     2  stm32f4xx_hal_tim.o(i.HAL_TIM_TriggerCallback)
    HAL_UARTEx_RxEventCallback               0x08002713   Thumb Code     2  stm32f4xx_hal_uart.o(i.HAL_UARTEx_RxEventCallback)
    HAL_UART_DMAStop                         0x08002715   Thumb Code   112  stm32f4xx_hal_uart.o(i.HAL_UART_DMAStop)
    HAL_UART_ErrorCallback                   0x08002785   Thumb Code     2  stm32f4xx_hal_uart.o(i.HAL_UART_ErrorCallback)
    HAL_UART_Init                            0x08002787   Thumb Code   100  stm32f4xx_hal_uart.o(i.HAL_UART_Init)
    HAL_UART_MspInit                         0x080027ed   Thumb Code   256  usart.o(i.HAL_UART_MspInit)
    HAL_UART_Receive_DMA                     0x08002905   Thumb Code    46  stm32f4xx_hal_uart.o(i.HAL_UART_Receive_DMA)
    HAL_UART_RxCpltCallback                  0x08002933   Thumb Code     2  stm32f4xx_hal_uart.o(i.HAL_UART_RxCpltCallback)
    HAL_UART_RxHalfCpltCallback              0x08002935   Thumb Code     2  stm32f4xx_hal_uart.o(i.HAL_UART_RxHalfCpltCallback)
    HAL_UART_Transmit                        0x08002937   Thumb Code   190  stm32f4xx_hal_uart.o(i.HAL_UART_Transmit)
    HardFault_Handler                        0x080029f5   Thumb Code     2  stm32f4xx_it.o(i.HardFault_Handler)
    InitShow                                 0x08002c95   Thumb Code    68  oled.o(i.InitShow)
    LinePatrolGet                            0x08002cf1   Thumb Code    64  line_patrol.o(i.LinePatrolGet)
    MX_DMA_Init                              0x08002d3d   Thumb Code    56  dma.o(i.MX_DMA_Init)
    MX_FREERTOS_Init                         0x08002d79   Thumb Code    80  freertos.o(i.MX_FREERTOS_Init)
    MX_GPIO_Init                             0x08002dd1   Thumb Code   412  gpio.o(i.MX_GPIO_Init)
    MX_I2C1_Init                             0x08002f8d   Thumb Code    50  i2c.o(i.MX_I2C1_Init)
    MX_TIM10_Init                            0x08002fcd   Thumb Code    94  tim.o(i.MX_TIM10_Init)
    MX_TIM11_Init                            0x08003035   Thumb Code    94  tim.o(i.MX_TIM11_Init)
    MX_TIM13_Init                            0x0800309d   Thumb Code    94  tim.o(i.MX_TIM13_Init)
    MX_TIM2_Init                             0x08003105   Thumb Code   144  tim.o(i.MX_TIM2_Init)
    MX_TIM5_Init                             0x08003199   Thumb Code   172  tim.o(i.MX_TIM5_Init)
    MX_USART2_UART_Init                      0x0800324d   Thumb Code    48  usart.o(i.MX_USART2_UART_Init)
    MecanumCal                               0x08003285   Thumb Code   400  motor.o(i.MecanumCal)
    MemManage_Handler                        0x08003421   Thumb Code     2  stm32f4xx_it.o(i.MemManage_Handler)
    MotorCreat                               0x08003423   Thumb Code    26  robot.o(i.MotorCreat)
    MotorParamInit                           0x0800343d   Thumb Code    56  robot.o(i.MotorParamInit)
    MotorRun                                 0x08003481   Thumb Code   474  motor.o(i.MotorRun)
    Music                                    0x0800368d   Thumb Code    80  music.o(i.Music)
    NMI_Handler                              0x080036e5   Thumb Code     2  stm32f4xx_it.o(i.NMI_Handler)
    OLED_BMP                                 0x080036e7   Thumb Code   100  oled.o(i.OLED_BMP)
    OLED_Roll                                0x0800374b   Thumb Code   138  oled.o(i.OLED_Roll)
    OLED_display_on                          0x080037d5   Thumb Code    30  oled.o(i.OLED_display_on)
    OLED_draw_point                          0x080037f5   Thumb Code    72  oled.o(i.OLED_draw_point)
    OLED_init                                0x08003841   Thumb Code   230  oled.o(i.OLED_init)
    OLED_operate_gram                        0x08003929   Thumb Code    64  oled.o(i.OLED_operate_gram)
    OLED_refresh_gram                        0x0800396d   Thumb Code    38  oled.o(i.OLED_refresh_gram)
    OLED_show_char                           0x08003999   Thumb Code   122  oled.o(i.OLED_show_char)
    OLED_show_chinese                        0x08003a19   Thumb Code   142  oled.o(i.OLED_show_chinese)
    OLED_show_float                          0x08003aa9   Thumb Code    62  oled.o(i.OLED_show_float)
    OLED_show_string                         0x08003aed   Thumb Code    46  oled.o(i.OLED_show_string)
    PID_Init                                 0x08003b1d   Thumb Code    68  pid.o(i.PID_Init)
    PidCreat                                 0x08003b65   Thumb Code    26  pid.o(i.PidCreat)
    RemoteDataCreat                          0x08003b7f   Thumb Code    14  robot.o(i.RemoteDataCreat)
    RemoteDataParamInit                      0x08003b8d   Thumb Code     6  robot.o(i.RemoteDataParamInit)
    RobotConfigCreat                         0x08003b93   Thumb Code    14  robot.o(i.RobotConfigCreat)
    RobotConfigInit                          0x08003ba1   Thumb Code    34  robot.o(i.RobotConfigInit)
    RobotCreat                               0x08003bd1   Thumb Code    62  robot.o(i.RobotCreat)
    RobotParamInit                           0x08003c0f   Thumb Code    52  robot.o(i.RobotParamInit)
    RobotRun                                 0x08003c43   Thumb Code    14  motor.o(i.RobotRun)
    RobotStop                                0x08003c51   Thumb Code    38  motor.o(i.RobotStop)
    RomoteDataSolve                          0x08003c89   Thumb Code   168  bluetooth.o(i.RomoteDataSolve)
    RunMode                                  0x08003d3d   Thumb Code    62  motor.o(i.RunMode)
    RunStateGet                              0x08003d81   Thumb Code   204  line_patrol.o(i.RunStateGet)
    StartDefaultTask                         0x08003e55   Thumb Code    12  freertos.o(i.StartDefaultTask)
    StartLinePrtrol                          0x08003e61   Thumb Code    20  freertos.o(i.StartLinePrtrol)
    StateOledShow                            0x08003e79   Thumb Code   148  oled.o(i.StateOledShow)
    SysTick_Handler                          0x08003f61   Thumb Code    38  port.o(i.SysTick_Handler)
    SystemClock_Config                       0x08003f8d   Thumb Code   140  main.o(i.SystemClock_Config)
    SystemInit                               0x08004021   Thumb Code    12  system_stm32f4xx.o(i.SystemInit)
    TIM1_UP_TIM10_IRQHandler                 0x08004031   Thumb Code    18  stm32f4xx_it.o(i.TIM1_UP_TIM10_IRQHandler)
    TIM_Base_SetConfig                       0x0800404d   Thumb Code   160  stm32f4xx_hal_tim.o(i.TIM_Base_SetConfig)
    TIM_CCxChannelCmd                        0x08004119   Thumb Code    26  stm32f4xx_hal_tim.o(i.TIM_CCxChannelCmd)
    TIM_ETR_SetConfig                        0x08004133   Thumb Code    20  stm32f4xx_hal_tim.o(i.TIM_ETR_SetConfig)
    TIM_OC2_SetConfig                        0x080041c1   Thumb Code   106  stm32f4xx_hal_tim.o(i.TIM_OC2_SetConfig)
    UART_Start_Receive_DMA                   0x08004631   Thumb Code   138  stm32f4xx_hal_uart.o(i.UART_Start_Receive_DMA)
    USART2_IRQHandler                        0x0800473d   Thumb Code     6  stm32f4xx_it.o(i.USART2_IRQHandler)
    USER_DMA_Init                            0x08004749   Thumb Code    56  bluetooth.o(i.USER_DMA_Init)
    USER_IDLE_Rxcallback                     0x08004789   Thumb Code   100  bluetooth.o(i.USER_IDLE_Rxcallback)
    UsageFault_Handler                       0x080047f5   Thumb Code     2  stm32f4xx_it.o(i.UsageFault_Handler)
    __hardfp_sqrt                            0x08004817   Thumb Code   122  sqrt.o(i.__hardfp_sqrt)
    delay_us                                 0x08004891   Thumb Code    22  robot.o(i.delay_us)
    main                                     0x080048b9   Thumb Code    90  main.o(i.main)
    oled_write_byte                          0x08004929   Thumb Code    38  oled.o(i.oled_write_byte)
    osDelay                                  0x08004959   Thumb Code    16  cmsis_os.o(i.osDelay)
    osKernelStart                            0x08004969   Thumb Code    10  cmsis_os.o(i.osKernelStart)
    osThreadCreate                           0x08004973   Thumb Code    88  cmsis_os.o(i.osThreadCreate)
    osTimerCreate                            0x080049cd   Thumb Code    56  cmsis_os.o(i.osTimerCreate)
    osTimerStart                             0x08004a09   Thumb Code    96  cmsis_os.o(i.osTimerStart)
    pvPortMalloc                             0x080052b9   Thumb Code   214  heap_4.o(i.pvPortMalloc)
    pxPortInitialiseStack                    0x08005395   Thumb Code    30  port.o(i.pxPortInitialiseStack)
    uxListRemove                             0x080053b9   Thumb Code    38  list.o(i.uxListRemove)
    vApplicationGetIdleTaskMemory            0x080053e1   Thumb Code    16  freertos.o(i.vApplicationGetIdleTaskMemory)
    vApplicationGetTimerTaskMemory           0x080053f5   Thumb Code    18  freertos.o(i.vApplicationGetTimerTaskMemory)
    vListInitialise                          0x0800540d   Thumb Code    22  list.o(i.vListInitialise)
    vListInitialiseItem                      0x08005423   Thumb Code     6  list.o(i.vListInitialiseItem)
    vListInsert                              0x08005429   Thumb Code    48  list.o(i.vListInsert)
    vListInsertEnd                           0x08005459   Thumb Code    24  list.o(i.vListInsertEnd)
    vPortEnterCritical                       0x08005471   Thumb Code    54  port.o(i.vPortEnterCritical)
    vPortExitCritical                        0x080054b1   Thumb Code    38  port.o(i.vPortExitCritical)
    vPortFree                                0x080054dd   Thumb Code    94  heap_4.o(i.vPortFree)
    vPortSetupTimerInterrupt                 0x08005541   Thumb Code    32  port.o(i.vPortSetupTimerInterrupt)
    vPortValidateInterruptPriority           0x08005565   Thumb Code    74  port.o(i.vPortValidateInterruptPriority)
    vQueueAddToRegistry                      0x080055b9   Thumb Code    32  queue.o(i.vQueueAddToRegistry)
    vQueueWaitForMessageRestricted           0x080055dd   Thumb Code    70  queue.o(i.vQueueWaitForMessageRestricted)
    vTaskDelay                               0x08005625   Thumb Code    70  tasks.o(i.vTaskDelay)
    vTaskInternalSetTimeOutState             0x08005675   Thumb Code    12  tasks.o(i.vTaskInternalSetTimeOutState)
    vTaskMissedYield                         0x08005685   Thumb Code     8  tasks.o(i.vTaskMissedYield)
    vTaskPlaceOnEventList                    0x08005691   Thumb Code    46  tasks.o(i.vTaskPlaceOnEventList)
    vTaskPlaceOnEventListRestricted          0x080056c5   Thumb Code    54  tasks.o(i.vTaskPlaceOnEventListRestricted)
    vTaskStartScheduler                      0x08005701   Thumb Code   126  tasks.o(i.vTaskStartScheduler)
    vTaskSuspendAll                          0x08005791   Thumb Code    10  tasks.o(i.vTaskSuspendAll)
    vTaskSwitchContext                       0x080057a1   Thumb Code    86  tasks.o(i.vTaskSwitchContext)
    xPortStartScheduler                      0x08005801   Thumb Code   222  port.o(i.xPortStartScheduler)
    xQueueGenericCreateStatic                0x080058f5   Thumb Code   108  queue.o(i.xQueueGenericCreateStatic)
    xQueueGenericReset                       0x08005961   Thumb Code   134  queue.o(i.xQueueGenericReset)
    xQueueGenericSend                        0x080059ed   Thumb Code   352  queue.o(i.xQueueGenericSend)
    xQueueGenericSendFromISR                 0x08005b51   Thumb Code   192  queue.o(i.xQueueGenericSendFromISR)
    xQueueReceive                            0x08005c11   Thumb Code   310  queue.o(i.xQueueReceive)
    xTaskCheckForTimeOut                     0x08005d4d   Thumb Code   118  tasks.o(i.xTaskCheckForTimeOut)
    xTaskCreate                              0x08005dc9   Thumb Code   100  tasks.o(i.xTaskCreate)
    xTaskCreateStatic                        0x08005e2d   Thumb Code    92  tasks.o(i.xTaskCreateStatic)
    xTaskGetSchedulerState                   0x08005e89   Thumb Code    24  tasks.o(i.xTaskGetSchedulerState)
    xTaskGetTickCount                        0x08005ea5   Thumb Code     6  tasks.o(i.xTaskGetTickCount)
    xTaskIncrementTick                       0x08005eb1   Thumb Code   198  tasks.o(i.xTaskIncrementTick)
    xTaskPriorityDisinherit                  0x08005f81   Thumb Code   144  tasks.o(i.xTaskPriorityDisinherit)
    xTaskRemoveFromEventList                 0x08006019   Thumb Code   114  tasks.o(i.xTaskRemoveFromEventList)
    xTaskResumeAll                           0x08006095   Thumb Code   192  tasks.o(i.xTaskResumeAll)
    xTimerCreate                             0x08006161   Thumb Code    52  timers.o(i.xTimerCreate)
    xTimerCreateStatic                       0x08006195   Thumb Code    52  timers.o(i.xTimerCreateStatic)
    xTimerCreateTimerTask                    0x080061c9   Thumb Code    86  timers.o(i.xTimerCreateTimerTask)
    xTimerGenericCommand                     0x08006231   Thumb Code    98  timers.o(i.xTimerGenericCommand)
    __aeabi_d2f                              0x08006299   Thumb Code     0  d2f.o(x$fpl$d2f)
    _d2f                                     0x08006299   Thumb Code    98  d2f.o(x$fpl$d2f)
    __aeabi_ddiv                             0x080062fd   Thumb Code     0  ddiv.o(x$fpl$ddiv)
    _ddiv                                    0x080062fd   Thumb Code   552  ddiv.o(x$fpl$ddiv)
    __fpl_dnaninf                            0x080065ad   Thumb Code   156  dnaninf.o(x$fpl$dnaninf)
    __fpl_dretinf                            0x08006649   Thumb Code    12  dretinf.o(x$fpl$dretinf)
    _dsqrt                                   0x08006655   Thumb Code   404  dsqrt_umaal.o(x$fpl$dsqrt)
    __aeabi_f2d                              0x080067ed   Thumb Code     0  f2d.o(x$fpl$f2d)
    _f2d                                     0x080067ed   Thumb Code    86  f2d.o(x$fpl$f2d)
    __fpl_fnaninf                            0x08006843   Thumb Code   140  fnaninf.o(x$fpl$fnaninf)
    _fp_init                                 0x080068cf   Thumb Code    10  fpinit.o(x$fpl$fpinit)
    __fplib_config_fpu_vfp                   0x080068d7   Thumb Code     0  fpinit.o(x$fpl$fpinit)
    __fplib_config_pureend_doubles           0x080068d7   Thumb Code     0  fpinit.o(x$fpl$fpinit)
    __fpl_fretinf                            0x080068d9   Thumb Code    10  fretinf.o(x$fpl$fretinf)
    __I$use$fp                               0x080068e2   Number         0  usenofp.o(x$fpl$usenofp)
    asc2_1206                                0x08006924   Data        1140  oled.o(.constdata)
    HITSZ                                    0x08006d98   Data         216  oled.o(.constdata)
    BMP_Good                                 0x08006e70   Data        1024  oled.o(.constdata)
    AHBPrescTable                            0x0800730d   Data          16  system_stm32f4xx.o(.constdata)
    APBPrescTable                            0x0800731d   Data           8  system_stm32f4xx.o(.constdata)
    Region$$Table$$Base                      0x08007340   Number         0  anon$$obj.o(Region$$Table)
    Region$$Table$$Limit                     0x08007360   Number         0  anon$$obj.o(Region$$Table)
    robot_t                                  0x20000000   Data           4  main.o(.data)
    defaultTaskHandle                        0x20000004   Data           4  freertos.o(.data)
    LinePrtrolHandle                         0x20000008   Data           4  freertos.o(.data)
    SpeedGetHandle                           0x2000000c   Data           4  freertos.o(.data)
    right2                                   0x20000014   Data           4  line_patrol.o(.data)
    right1                                   0x20000018   Data           4  line_patrol.o(.data)
    middle                                   0x2000001c   Data           4  line_patrol.o(.data)
    left1                                    0x20000020   Data           4  line_patrol.o(.data)
    left2                                    0x20000024   Data           4  line_patrol.o(.data)
    MUSIC                                    0x2000002c   Data         264  music.o(.data)
    cmd_speed                                0x2000013c   Data           6  bluetooth.o(.data)
    cmd_run_patrol                           0x20000142   Data           7  bluetooth.o(.data)
    cmd_motor_on                             0x20000149   Data           8  bluetooth.o(.data)
    cmd_information                          0x20000151   Data          12  bluetooth.o(.data)
    cmd_motor_off                            0x2000015d   Data           9  bluetooth.o(.data)
    cmd_run_bluetooth                        0x20000166   Data          10  bluetooth.o(.data)
    successfully                             0x20000170   Data          14  bluetooth.o(.data)
    wrong_cmd                                0x2000017e   Data         126  bluetooth.o(.data)
    uwTickFreq                               0x200001fc   Data           1  stm32f4xx_hal.o(.data)
    uwTickPrio                               0x20000200   Data           4  stm32f4xx_hal.o(.data)
    uwTick                                   0x20000204   Data           4  stm32f4xx_hal.o(.data)
    SystemCoreClock                          0x20000208   Data           4  system_stm32f4xx.o(.data)
    pxCurrentTCB                             0x2000020c   Data           4  tasks.o(.data)
    hi2c1                                    0x20000930   Data          84  i2c.o(.bss)
    htim2                                    0x20000984   Data          72  tim.o(.bss)
    htim5                                    0x200009cc   Data          72  tim.o(.bss)
    htim10                                   0x20000a14   Data          72  tim.o(.bss)
    htim11                                   0x20000a5c   Data          72  tim.o(.bss)
    htim13                                   0x20000aa4   Data          72  tim.o(.bss)
    huart2                                   0x20000aec   Data          68  usart.o(.bss)
    hdma_usart2_rx                           0x20000b30   Data          96  usart.o(.bss)
    hdma_usart2_tx                           0x20000b90   Data          96  usart.o(.bss)
    htim1                                    0x20000bf0   Data          72  stm32f4xx_hal_timebase_tim.o(.bss)
    xQueueRegistry                           0x200010b8   Data          64  queue.o(.bss)
    __libspace_start                         0x20004ed0   Data          96  libspace.o(.bss)
    __temporary_stack_top$libspace           0x20004f30   Data           0  libspace.o(.bss)



==============================================================================

Memory Map of the image

  Image Entry point : 0x08000189

  Load Region LR_IROM1 (Base: 0x08000000, Size: 0x000075e8, Max: 0x00100000, ABSOLUTE, COMPRESSED[0x00007448])

    Execution Region ER_IROM1 (Exec base: 0x08000000, Load base: 0x08000000, Size: 0x00007360, Max: 0x00100000, ABSOLUTE)

    Exec Addr    Load Addr    Size         Type   Attr      Idx    E Section Name        Object

    0x08000000   0x08000000   0x00000188   Data   RO            3    RESET               startup_stm32f407xx.o
    0x08000188   0x08000188   0x00000008   Code   RO         5833  * !!!main             c_w.l(__main.o)
    0x08000190   0x08000190   0x00000034   Code   RO         6255    !!!scatter          c_w.l(__scatter.o)
    0x080001c4   0x080001c4   0x0000005a   Code   RO         6253    !!dczerorl2         c_w.l(__dczerorl2.o)
    0x0800021e   0x0800021e   0x00000002   PAD
    0x08000220   0x08000220   0x0000001c   Code   RO         6257    !!handler_zi        c_w.l(__scatter_zi.o)
    0x0800023c   0x0800023c   0x00000002   Code   RO         6196    .ARM.Collect$$libinit$$00000000  c_w.l(libinit.o)
    0x0800023e   0x0800023e   0x00000004   Code   RO         5990    .ARM.Collect$$libinit$$00000001  c_w.l(libinit2.o)
    0x08000242   0x08000242   0x00000000   Code   RO         5993    .ARM.Collect$$libinit$$00000004  c_w.l(libinit2.o)
    0x08000242   0x08000242   0x00000008   Code   RO         5994    .ARM.Collect$$libinit$$00000005  c_w.l(libinit2.o)
    0x0800024a   0x0800024a   0x00000000   Code   RO         5996    .ARM.Collect$$libinit$$0000000A  c_w.l(libinit2.o)
    0x0800024a   0x0800024a   0x00000000   Code   RO         5998    .ARM.Collect$$libinit$$0000000C  c_w.l(libinit2.o)
    0x0800024a   0x0800024a   0x00000000   Code   RO         6000    .ARM.Collect$$libinit$$0000000E  c_w.l(libinit2.o)
    0x0800024a   0x0800024a   0x00000000   Code   RO         6003    .ARM.Collect$$libinit$$00000011  c_w.l(libinit2.o)
    0x0800024a   0x0800024a   0x00000000   Code   RO         6005    .ARM.Collect$$libinit$$00000013  c_w.l(libinit2.o)
    0x0800024a   0x0800024a   0x00000000   Code   RO         6007    .ARM.Collect$$libinit$$00000015  c_w.l(libinit2.o)
    0x0800024a   0x0800024a   0x00000000   Code   RO         6009    .ARM.Collect$$libinit$$00000017  c_w.l(libinit2.o)
    0x0800024a   0x0800024a   0x00000000   Code   RO         6011    .ARM.Collect$$libinit$$00000019  c_w.l(libinit2.o)
    0x0800024a   0x0800024a   0x00000000   Code   RO         6013    .ARM.Collect$$libinit$$0000001B  c_w.l(libinit2.o)
    0x0800024a   0x0800024a   0x00000000   Code   RO         6015    .ARM.Collect$$libinit$$0000001D  c_w.l(libinit2.o)
    0x0800024a   0x0800024a   0x00000000   Code   RO         6017    .ARM.Collect$$libinit$$0000001F  c_w.l(libinit2.o)
    0x0800024a   0x0800024a   0x00000000   Code   RO         6019    .ARM.Collect$$libinit$$00000021  c_w.l(libinit2.o)
    0x0800024a   0x0800024a   0x00000000   Code   RO         6021    .ARM.Collect$$libinit$$00000023  c_w.l(libinit2.o)
    0x0800024a   0x0800024a   0x00000000   Code   RO         6023    .ARM.Collect$$libinit$$00000025  c_w.l(libinit2.o)
    0x0800024a   0x0800024a   0x00000000   Code   RO         6027    .ARM.Collect$$libinit$$0000002C  c_w.l(libinit2.o)
    0x0800024a   0x0800024a   0x00000000   Code   RO         6029    .ARM.Collect$$libinit$$0000002E  c_w.l(libinit2.o)
    0x0800024a   0x0800024a   0x00000000   Code   RO         6031    .ARM.Collect$$libinit$$00000030  c_w.l(libinit2.o)
    0x0800024a   0x0800024a   0x00000000   Code   RO         6033    .ARM.Collect$$libinit$$00000032  c_w.l(libinit2.o)
    0x0800024a   0x0800024a   0x00000002   Code   RO         6034    .ARM.Collect$$libinit$$00000033  c_w.l(libinit2.o)
    0x0800024c   0x0800024c   0x00000002   Code   RO         6197    .ARM.Collect$$libshutdown$$00000000  c_w.l(libshutdown.o)
    0x0800024e   0x0800024e   0x00000000   Code   RO         6216    .ARM.Collect$$libshutdown$$00000002  c_w.l(libshutdown2.o)
    0x0800024e   0x0800024e   0x00000000   Code   RO         6218    .ARM.Collect$$libshutdown$$00000004  c_w.l(libshutdown2.o)
    0x0800024e   0x0800024e   0x00000000   Code   RO         6220    .ARM.Collect$$libshutdown$$00000006  c_w.l(libshutdown2.o)
    0x0800024e   0x0800024e   0x00000000   Code   RO         6223    .ARM.Collect$$libshutdown$$00000009  c_w.l(libshutdown2.o)
    0x0800024e   0x0800024e   0x00000000   Code   RO         6226    .ARM.Collect$$libshutdown$$0000000C  c_w.l(libshutdown2.o)
    0x0800024e   0x0800024e   0x00000000   Code   RO         6228    .ARM.Collect$$libshutdown$$0000000E  c_w.l(libshutdown2.o)
    0x0800024e   0x0800024e   0x00000000   Code   RO         6231    .ARM.Collect$$libshutdown$$00000011  c_w.l(libshutdown2.o)
    0x0800024e   0x0800024e   0x00000002   Code   RO         6232    .ARM.Collect$$libshutdown$$00000012  c_w.l(libshutdown2.o)
    0x08000250   0x08000250   0x00000000   Code   RO         5857    .ARM.Collect$$rtentry$$00000000  c_w.l(__rtentry.o)
    0x08000250   0x08000250   0x00000000   Code   RO         6062    .ARM.Collect$$rtentry$$00000002  c_w.l(__rtentry2.o)
    0x08000250   0x08000250   0x00000006   Code   RO         6074    .ARM.Collect$$rtentry$$00000004  c_w.l(__rtentry4.o)
    0x08000256   0x08000256   0x00000000   Code   RO         6064    .ARM.Collect$$rtentry$$00000009  c_w.l(__rtentry2.o)
    0x08000256   0x08000256   0x00000004   Code   RO         6065    .ARM.Collect$$rtentry$$0000000A  c_w.l(__rtentry2.o)
    0x0800025a   0x0800025a   0x00000000   Code   RO         6067    .ARM.Collect$$rtentry$$0000000C  c_w.l(__rtentry2.o)
    0x0800025a   0x0800025a   0x00000008   Code   RO         6068    .ARM.Collect$$rtentry$$0000000D  c_w.l(__rtentry2.o)
    0x08000262   0x08000262   0x00000002   Code   RO         5858    .ARM.Collect$$rtexit$$00000000  c_w.l(rtexit.o)
    0x08000264   0x08000264   0x00000000   Code   RO         6077    .ARM.Collect$$rtexit$$00000002  c_w.l(rtexit2.o)
    0x08000264   0x08000264   0x00000004   Code   RO         6078    .ARM.Collect$$rtexit$$00000003  c_w.l(rtexit2.o)
    0x08000268   0x08000268   0x00000006   Code   RO         6079    .ARM.Collect$$rtexit$$00000004  c_w.l(rtexit2.o)
    0x0800026e   0x0800026e   0x00000002   PAD
    0x08000270   0x08000270   0x000000be   Code   RO         5674    .emb_text           port.o
    0x0800032e   0x0800032e   0x00000002   PAD
    0x08000330   0x08000330   0x00000000   Code   RO         6092    .emb_text           c_w.l(maybetermalloc1.o)
    0x08000330   0x08000330   0x00000040   Code   RO            4    .text               startup_stm32f407xx.o
    0x08000370   0x08000370   0x0000005e   Code   RO         5755    .text               c_w.l(h1_alloc.o)
    0x080003ce   0x080003ce   0x000000ee   Code   RO         5809    .text               c_w.l(lludivv7m.o)
    0x080004bc   0x080004bc   0x00000012   Code   RO         5813    .text               c_w.l(exit.o)
    0x080004ce   0x080004ce   0x00000048   Code   RO         5815    .text               c_w.l(strcpy.o)
    0x08000516   0x08000516   0x00000018   Code   RO         5817    .text               c_w.l(strcat.o)
    0x0800052e   0x0800052e   0x0000008a   Code   RO         5819    .text               c_w.l(rt_memcpy_v6.o)
    0x080005b8   0x080005b8   0x00000064   Code   RO         5821    .text               c_w.l(rt_memcpy_w.o)
    0x0800061c   0x0800061c   0x00000044   Code   RO         5825    .text               c_w.l(rt_memclr.o)
    0x08000660   0x08000660   0x0000004e   Code   RO         5827    .text               c_w.l(rt_memclr_w.o)
    0x080006ae   0x080006ae   0x00000002   PAD
    0x080006b0   0x080006b0   0x00000080   Code   RO         5829    .text               c_w.l(strcmpv7m.o)
    0x08000730   0x08000730   0x00000006   Code   RO         5831    .text               c_w.l(heapauxi.o)
    0x08000736   0x08000736   0x00000002   PAD
    0x08000738   0x08000738   0x00000008   Code   RO         5867    .text               c_w.l(rt_heap_descriptor_intlibspace.o)
    0x08000740   0x08000740   0x00000004   Code   RO         5869    .text               c_w.l(hguard.o)
    0x08000744   0x08000744   0x0000008a   Code   RO         5871    .text               c_w.l(init_alloc.o)
    0x080007ce   0x080007ce   0x0000000e   Code   RO         5877    .text               c_w.l(h1_init.o)
    0x080007dc   0x080007dc   0x0000004e   Code   RO         5879    .text               c_w.l(h1_free.o)
    0x0800082a   0x0800082a   0x00000016   Code   RO         5895    .text               c_w.l(_rserrno.o)
    0x08000840   0x08000840   0x00000008   Code   RO         6058    .text               c_w.l(libspace.o)
    0x08000848   0x08000848   0x00000008   Code   RO         6088    .text               c_w.l(rt_errno_addr_intlibspace.o)
    0x08000850   0x08000850   0x00000034   Code   RO         6094    .text               c_w.l(h1_extend.o)
    0x08000884   0x08000884   0x0000000e   Code   RO         6116    .text               c_w.l(defsig_rtmem_outer.o)
    0x08000892   0x08000892   0x00000002   PAD
    0x08000894   0x08000894   0x0000000c   Code   RO         6129    .text               c_w.l(sys_exit.o)
    0x080008a0   0x080008a0   0x00000002   Code   RO         6131    .text               c_w.l(use_no_semi.o)
    0x080008a2   0x080008a2   0x00000000   Code   RO         6133    .text               c_w.l(indicate_semi.o)
    0x080008a2   0x080008a2   0x0000004a   Code   RO         6134    .text               c_w.l(sys_stackheap_outer.o)
    0x080008ec   0x080008ec   0x0000000a   Code   RO         6177    .text               c_w.l(defsig_exit.o)
    0x080008f6   0x080008f6   0x00000002   PAD
    0x080008f8   0x080008f8   0x00000050   Code   RO         6183    .text               c_w.l(defsig_rtmem_inner.o)
    0x08000948   0x08000948   0x00000032   Code   RO         6211    .text               c_w.l(defsig_general.o)
    0x0800097a   0x0800097a   0x0000000e   Code   RO         6233    .text               c_w.l(sys_wrch.o)
    0x08000988   0x08000988   0x0000023c   Code   RO         1187    i.BlueToothTalk     bluetooth.o
    0x08000bc4   0x08000bc4   0x00000002   Code   RO          527    i.BusFault_Handler  stm32f4xx_it.o
    0x08000bc6   0x08000bc6   0x00000002   Code   RO          272    i.Callback01        freertos.o
    0x08000bc8   0x08000bc8   0x0000000e   Code   RO          849    i.ConfigCreat       pid.o
    0x08000bd6   0x08000bd6   0x00000018   Code   RO          684    i.CreatMonitor      robot.o
    0x08000bee   0x08000bee   0x00000002   PAD
    0x08000bf0   0x08000bf0   0x0000000c   Code   RO          528    i.DMA1_Stream5_IRQHandler  stm32f4xx_it.o
    0x08000bfc   0x08000bfc   0x0000000c   Code   RO          529    i.DMA1_Stream6_IRQHandler  stm32f4xx_it.o
    0x08000c08   0x08000c08   0x0000002c   Code   RO         1738    i.DMA_CalcBaseAndBitshift  stm32f4xx_hal_dma.o
    0x08000c34   0x08000c34   0x00000078   Code   RO         1739    i.DMA_CheckFifoParam  stm32f4xx_hal_dma.o
    0x08000cac   0x08000cac   0x0000002a   Code   RO         1740    i.DMA_SetConfig     stm32f4xx_hal_dma.o
    0x08000cd6   0x08000cd6   0x00000002   Code   RO          530    i.DebugMon_Handler  stm32f4xx_it.o
    0x08000cd8   0x08000cd8   0x0000009a   Code   RO          896    i.DirectionGet      motor.o
    0x08000d72   0x08000d72   0x00000006   Code   RO          531    i.EXTI0_IRQHandler  stm32f4xx_it.o
    0x08000d78   0x08000d78   0x00000006   Code   RO          532    i.EXTI4_IRQHandler  stm32f4xx_it.o
    0x08000d7e   0x08000d7e   0x00000004   Code   RO           13    i.Error_Handler     main.o
    0x08000d82   0x08000d82   0x0000008e   Code   RO         1741    i.HAL_DMA_Abort     stm32f4xx_hal_dma.o
    0x08000e10   0x08000e10   0x00000066   Code   RO         1743    i.HAL_DMA_DeInit    stm32f4xx_hal_dma.o
    0x08000e76   0x08000e76   0x00000002   PAD
    0x08000e78   0x08000e78   0x000001d0   Code   RO         1746    i.HAL_DMA_IRQHandler  stm32f4xx_hal_dma.o
    0x08001048   0x08001048   0x000000d4   Code   RO         1747    i.HAL_DMA_Init      stm32f4xx_hal_dma.o
    0x0800111c   0x0800111c   0x0000006e   Code   RO         1751    i.HAL_DMA_Start_IT  stm32f4xx_hal_dma.o
    0x0800118a   0x0800118a   0x00000002   PAD
    0x0800118c   0x0800118c   0x00000024   Code   RO         2160    i.HAL_Delay         stm32f4xx_hal.o
    0x080011b0   0x080011b0   0x00000038   Code   RO           14    i.HAL_GPIO_EXTI_Callback  main.o
    0x080011e8   0x080011e8   0x00000018   Code   RO         1633    i.HAL_GPIO_EXTI_IRQHandler  stm32f4xx_hal_gpio.o
    0x08001200   0x08001200   0x000001d0   Code   RO         1634    i.HAL_GPIO_Init     stm32f4xx_hal_gpio.o
    0x080013d0   0x080013d0   0x0000000e   Code   RO         1636    i.HAL_GPIO_ReadPin  stm32f4xx_hal_gpio.o
    0x080013de   0x080013de   0x0000000e   Code   RO         1638    i.HAL_GPIO_WritePin  stm32f4xx_hal_gpio.o
    0x080013ec   0x080013ec   0x0000000c   Code   RO         2166    i.HAL_GetTick       stm32f4xx_hal.o
    0x080013f8   0x080013f8   0x00000198   Code   RO         2422    i.HAL_I2C_Init      stm32f4xx_hal_i2c.o
    0x08001590   0x08001590   0x00000148   Code   RO         2435    i.HAL_I2C_Master_Transmit  stm32f4xx_hal_i2c.o
    0x080016d8   0x080016d8   0x00000068   Code   RO          372    i.HAL_I2C_MspInit   i2c.o
    0x08001740   0x08001740   0x00000010   Code   RO         2172    i.HAL_IncTick       stm32f4xx_hal.o
    0x08001750   0x08001750   0x00000034   Code   RO         2173    i.HAL_Init          stm32f4xx_hal.o
    0x08001784   0x08001784   0x00000074   Code   RO          645    i.HAL_InitTick      stm32f4xx_hal_timebase_tim.o
    0x080017f8   0x080017f8   0x00000038   Code   RO          621    i.HAL_MspInit       stm32f4xx_hal_msp.o
    0x08001830   0x08001830   0x0000001a   Code   RO         2023    i.HAL_NVIC_EnableIRQ  stm32f4xx_hal_cortex.o
    0x0800184a   0x0800184a   0x00000002   PAD
    0x0800184c   0x0800184c   0x00000040   Code   RO         2029    i.HAL_NVIC_SetPriority  stm32f4xx_hal_cortex.o
    0x0800188c   0x0800188c   0x00000024   Code   RO         2030    i.HAL_NVIC_SetPriorityGrouping  stm32f4xx_hal_cortex.o
    0x080018b0   0x080018b0   0x0000014c   Code   RO         1235    i.HAL_RCC_ClockConfig  stm32f4xx_hal_rcc.o
    0x080019fc   0x080019fc   0x0000003c   Code   RO         1239    i.HAL_RCC_GetClockConfig  stm32f4xx_hal_rcc.o
    0x08001a38   0x08001a38   0x0000000c   Code   RO         1240    i.HAL_RCC_GetHCLKFreq  stm32f4xx_hal_rcc.o
    0x08001a44   0x08001a44   0x00000020   Code   RO         1242    i.HAL_RCC_GetPCLK1Freq  stm32f4xx_hal_rcc.o
    0x08001a64   0x08001a64   0x00000020   Code   RO         1243    i.HAL_RCC_GetPCLK2Freq  stm32f4xx_hal_rcc.o
    0x08001a84   0x08001a84   0x0000006c   Code   RO         1244    i.HAL_RCC_GetSysClockFreq  stm32f4xx_hal_rcc.o
    0x08001af0   0x08001af0   0x000003c0   Code   RO         1247    i.HAL_RCC_OscConfig  stm32f4xx_hal_rcc.o
    0x08001eb0   0x08001eb0   0x00000002   Code   RO         3618    i.HAL_TIMEx_BreakCallback  stm32f4xx_hal_tim_ex.o
    0x08001eb2   0x08001eb2   0x00000002   Code   RO         3619    i.HAL_TIMEx_CommutCallback  stm32f4xx_hal_tim_ex.o
    0x08001eb4   0x08001eb4   0x00000090   Code   RO         3637    i.HAL_TIMEx_MasterConfigSynchronization  stm32f4xx_hal_tim_ex.o
    0x08001f44   0x08001f44   0x0000004a   Code   RO         2903    i.HAL_TIM_Base_Init  stm32f4xx_hal_tim.o
    0x08001f8e   0x08001f8e   0x00000002   PAD
    0x08001f90   0x08001f90   0x000000a8   Code   RO          414    i.HAL_TIM_Base_MspInit  tim.o
    0x08002038   0x08002038   0x0000008c   Code   RO         2908    i.HAL_TIM_Base_Start_IT  stm32f4xx_hal_tim.o
    0x080020c4   0x080020c4   0x000000e8   Code   RO         2912    i.HAL_TIM_ConfigClockSource  stm32f4xx_hal_tim.o
    0x080021ac   0x080021ac   0x00000002   Code   RO         2937    i.HAL_TIM_IC_CaptureCallback  stm32f4xx_hal_tim.o
    0x080021ae   0x080021ae   0x0000016e   Code   RO         2951    i.HAL_TIM_IRQHandler  stm32f4xx_hal_tim.o
    0x0800231c   0x0800231c   0x00000110   Code   RO          415    i.HAL_TIM_MspPostInit  tim.o
    0x0800242c   0x0800242c   0x00000002   Code   RO         2954    i.HAL_TIM_OC_DelayElapsedCallback  stm32f4xx_hal_tim.o
    0x0800242e   0x0800242e   0x000000d8   Code   RO         2975    i.HAL_TIM_PWM_ConfigChannel  stm32f4xx_hal_tim.o
    0x08002506   0x08002506   0x0000004a   Code   RO         2978    i.HAL_TIM_PWM_Init  stm32f4xx_hal_tim.o
    0x08002550   0x08002550   0x00000002   Code   RO         2980    i.HAL_TIM_PWM_MspInit  stm32f4xx_hal_tim.o
    0x08002552   0x08002552   0x00000002   Code   RO         2981    i.HAL_TIM_PWM_PulseFinishedCallback  stm32f4xx_hal_tim.o
    0x08002554   0x08002554   0x000000dc   Code   RO         2983    i.HAL_TIM_PWM_Start  stm32f4xx_hal_tim.o
    0x08002630   0x08002630   0x0000007c   Code   RO         2986    i.HAL_TIM_PWM_Stop  stm32f4xx_hal_tim.o
    0x080026ac   0x080026ac   0x00000014   Code   RO           15    i.HAL_TIM_PeriodElapsedCallback  main.o
    0x080026c0   0x080026c0   0x00000050   Code   RO         2992    i.HAL_TIM_SlaveConfigSynchro  stm32f4xx_hal_tim.o
    0x08002710   0x08002710   0x00000002   Code   RO         2994    i.HAL_TIM_TriggerCallback  stm32f4xx_hal_tim.o
    0x08002712   0x08002712   0x00000002   Code   RO         3896    i.HAL_UARTEx_RxEventCallback  stm32f4xx_hal_uart.o
    0x08002714   0x08002714   0x00000070   Code   RO         3908    i.HAL_UART_DMAStop  stm32f4xx_hal_uart.o
    0x08002784   0x08002784   0x00000002   Code   RO         3910    i.HAL_UART_ErrorCallback  stm32f4xx_hal_uart.o
    0x08002786   0x08002786   0x00000064   Code   RO         3914    i.HAL_UART_Init     stm32f4xx_hal_uart.o
    0x080027ea   0x080027ea   0x00000002   PAD
    0x080027ec   0x080027ec   0x00000118   Code   RO          486    i.HAL_UART_MspInit  usart.o
    0x08002904   0x08002904   0x0000002e   Code   RO         3918    i.HAL_UART_Receive_DMA  stm32f4xx_hal_uart.o
    0x08002932   0x08002932   0x00000002   Code   RO         3920    i.HAL_UART_RxCpltCallback  stm32f4xx_hal_uart.o
    0x08002934   0x08002934   0x00000002   Code   RO         3921    i.HAL_UART_RxHalfCpltCallback  stm32f4xx_hal_uart.o
    0x08002936   0x08002936   0x000000be   Code   RO         3922    i.HAL_UART_Transmit  stm32f4xx_hal_uart.o
    0x080029f4   0x080029f4   0x00000002   Code   RO          533    i.HardFault_Handler  stm32f4xx_it.o
    0x080029f6   0x080029f6   0x0000002e   Code   RO         2465    i.I2C_IsAcknowledgeFailed  stm32f4xx_hal_i2c.o
    0x08002a24   0x08002a24   0x000000b0   Code   RO         2469    i.I2C_MasterRequestWrite  stm32f4xx_hal_i2c.o
    0x08002ad4   0x08002ad4   0x0000004e   Code   RO         2485    i.I2C_WaitOnBTFFlagUntilTimeout  stm32f4xx_hal_i2c.o
    0x08002b22   0x08002b22   0x0000007a   Code   RO         2486    i.I2C_WaitOnFlagUntilTimeout  stm32f4xx_hal_i2c.o
    0x08002b9c   0x08002b9c   0x000000a8   Code   RO         2487    i.I2C_WaitOnMasterAddressFlagUntilTimeout  stm32f4xx_hal_i2c.o
    0x08002c44   0x08002c44   0x0000004e   Code   RO         2491    i.I2C_WaitOnTXEFlagUntilTimeout  stm32f4xx_hal_i2c.o
    0x08002c92   0x08002c92   0x00000002   PAD
    0x08002c94   0x08002c94   0x0000005c   Code   RO          960    i.InitShow          oled.o
    0x08002cf0   0x08002cf0   0x0000004c   Code   RO          781    i.LinePatrolGet     line_patrol.o
    0x08002d3c   0x08002d3c   0x0000003c   Code   RO          347    i.MX_DMA_Init       dma.o
    0x08002d78   0x08002d78   0x00000058   Code   RO          273    i.MX_FREERTOS_Init  freertos.o
    0x08002dd0   0x08002dd0   0x000001bc   Code   RO          248    i.MX_GPIO_Init      gpio.o
    0x08002f8c   0x08002f8c   0x00000040   Code   RO          373    i.MX_I2C1_Init      i2c.o
    0x08002fcc   0x08002fcc   0x00000068   Code   RO          416    i.MX_TIM10_Init     tim.o
    0x08003034   0x08003034   0x00000068   Code   RO          417    i.MX_TIM11_Init     tim.o
    0x0800309c   0x0800309c   0x00000068   Code   RO          418    i.MX_TIM13_Init     tim.o
    0x08003104   0x08003104   0x00000094   Code   RO          419    i.MX_TIM2_Init      tim.o
    0x08003198   0x08003198   0x000000b4   Code   RO          420    i.MX_TIM5_Init      tim.o
    0x0800324c   0x0800324c   0x00000038   Code   RO          487    i.MX_USART2_UART_Init  usart.o
    0x08003284   0x08003284   0x0000019c   Code   RO          897    i.MecanumCal        motor.o
    0x08003420   0x08003420   0x00000002   Code   RO          534    i.MemManage_Handler  stm32f4xx_it.o
    0x08003422   0x08003422   0x0000001a   Code   RO          685    i.MotorCreat        robot.o
    0x0800343c   0x0800343c   0x00000044   Code   RO          686    i.MotorParamInit    robot.o
    0x08003480   0x08003480   0x0000020c   Code   RO          898    i.MotorRun          motor.o
    0x0800368c   0x0800368c   0x00000058   Code   RO          818    i.Music             music.o
    0x080036e4   0x080036e4   0x00000002   Code   RO          535    i.NMI_Handler       stm32f4xx_it.o
    0x080036e6   0x080036e6   0x00000064   Code   RO          961    i.OLED_BMP          oled.o
    0x0800374a   0x0800374a   0x0000008a   Code   RO          962    i.OLED_Roll         oled.o
    0x080037d4   0x080037d4   0x0000001e   Code   RO          964    i.OLED_display_on   oled.o
    0x080037f2   0x080037f2   0x00000002   PAD
    0x080037f4   0x080037f4   0x0000004c   Code   RO          966    i.OLED_draw_point   oled.o
    0x08003840   0x08003840   0x000000e6   Code   RO          967    i.OLED_init         oled.o
    0x08003926   0x08003926   0x00000002   PAD
    0x08003928   0x08003928   0x00000044   Code   RO          968    i.OLED_operate_gram  oled.o
    0x0800396c   0x0800396c   0x0000002c   Code   RO          970    i.OLED_refresh_gram  oled.o
    0x08003998   0x08003998   0x00000080   Code   RO          972    i.OLED_show_char    oled.o
    0x08003a18   0x08003a18   0x0000008e   Code   RO          973    i.OLED_show_chinese  oled.o
    0x08003aa6   0x08003aa6   0x00000002   PAD
    0x08003aa8   0x08003aa8   0x00000044   Code   RO          974    i.OLED_show_float   oled.o
    0x08003aec   0x08003aec   0x0000002e   Code   RO          975    i.OLED_show_string  oled.o
    0x08003b1a   0x08003b1a   0x00000002   PAD
    0x08003b1c   0x08003b1c   0x00000048   Code   RO          851    i.PID_Init          pid.o
    0x08003b64   0x08003b64   0x0000001a   Code   RO          852    i.PidCreat          pid.o
    0x08003b7e   0x08003b7e   0x0000000e   Code   RO          687    i.RemoteDataCreat   robot.o
    0x08003b8c   0x08003b8c   0x00000006   Code   RO          688    i.RemoteDataParamInit  robot.o
    0x08003b92   0x08003b92   0x0000000e   Code   RO          689    i.RobotConfigCreat  robot.o
    0x08003ba0   0x08003ba0   0x00000030   Code   RO          690    i.RobotConfigInit   robot.o
    0x08003bd0   0x08003bd0   0x0000003e   Code   RO          691    i.RobotCreat        robot.o
    0x08003c0e   0x08003c0e   0x00000034   Code   RO          692    i.RobotParamInit    robot.o
    0x08003c42   0x08003c42   0x0000000e   Code   RO          899    i.RobotRun          motor.o
    0x08003c50   0x08003c50   0x00000038   Code   RO          900    i.RobotStop         motor.o
    0x08003c88   0x08003c88   0x000000b4   Code   RO         1188    i.RomoteDataSolve   bluetooth.o
    0x08003d3c   0x08003d3c   0x00000044   Code   RO          901    i.RunMode           motor.o
    0x08003d80   0x08003d80   0x000000d4   Code   RO          782    i.RunStateGet       line_patrol.o
    0x08003e54   0x08003e54   0x0000000c   Code   RO          274    i.StartDefaultTask  freertos.o
    0x08003e60   0x08003e60   0x00000018   Code   RO          275    i.StartLinePrtrol   freertos.o
    0x08003e78   0x08003e78   0x000000e8   Code   RO          976    i.StateOledShow     oled.o
    0x08003f60   0x08003f60   0x0000002c   Code   RO         5675    i.SysTick_Handler   port.o
    0x08003f8c   0x08003f8c   0x00000094   Code   RO           16    i.SystemClock_Config  main.o
    0x08004020   0x08004020   0x00000010   Code   RO         4253    i.SystemInit        system_stm32f4xx.o
    0x08004030   0x08004030   0x0000001c   Code   RO          536    i.TIM1_UP_TIM10_IRQHandler  stm32f4xx_it.o
    0x0800404c   0x0800404c   0x000000cc   Code   RO         2996    i.TIM_Base_SetConfig  stm32f4xx_hal_tim.o
    0x08004118   0x08004118   0x0000001a   Code   RO         2997    i.TIM_CCxChannelCmd  stm32f4xx_hal_tim.o
    0x08004132   0x08004132   0x00000014   Code   RO         3007    i.TIM_ETR_SetConfig  stm32f4xx_hal_tim.o
    0x08004146   0x08004146   0x00000010   Code   RO         3008    i.TIM_ITRx_SetConfig  stm32f4xx_hal_tim.o
    0x08004156   0x08004156   0x00000002   PAD
    0x08004158   0x08004158   0x00000068   Code   RO         3009    i.TIM_OC1_SetConfig  stm32f4xx_hal_tim.o
    0x080041c0   0x080041c0   0x00000074   Code   RO         3010    i.TIM_OC2_SetConfig  stm32f4xx_hal_tim.o
    0x08004234   0x08004234   0x00000070   Code   RO         3011    i.TIM_OC3_SetConfig  stm32f4xx_hal_tim.o
    0x080042a4   0x080042a4   0x00000054   Code   RO         3012    i.TIM_OC4_SetConfig  stm32f4xx_hal_tim.o
    0x080042f8   0x080042f8   0x0000008c   Code   RO         3013    i.TIM_SlaveTimer_SetConfig  stm32f4xx_hal_tim.o
    0x08004384   0x08004384   0x00000022   Code   RO         3014    i.TIM_TI1_ConfigInputStage  stm32f4xx_hal_tim.o
    0x080043a6   0x080043a6   0x00000024   Code   RO         3016    i.TIM_TI2_ConfigInputStage  stm32f4xx_hal_tim.o
    0x080043ca   0x080043ca   0x0000004a   Code   RO         3928    i.UART_DMAError     stm32f4xx_hal_uart.o
    0x08004414   0x08004414   0x00000082   Code   RO         3929    i.UART_DMAReceiveCplt  stm32f4xx_hal_uart.o
    0x08004496   0x08004496   0x0000001a   Code   RO         3931    i.UART_DMARxHalfCplt  stm32f4xx_hal_uart.o
    0x080044b0   0x080044b0   0x0000004e   Code   RO         3937    i.UART_EndRxTransfer  stm32f4xx_hal_uart.o
    0x080044fe   0x080044fe   0x0000001c   Code   RO         3939    i.UART_EndTxTransfer  stm32f4xx_hal_uart.o
    0x0800451a   0x0800451a   0x00000002   PAD
    0x0800451c   0x0800451c   0x00000114   Code   RO         3941    i.UART_SetConfig    stm32f4xx_hal_uart.o
    0x08004630   0x08004630   0x00000098   Code   RO         3942    i.UART_Start_Receive_DMA  stm32f4xx_hal_uart.o
    0x080046c8   0x080046c8   0x00000074   Code   RO         3945    i.UART_WaitOnFlagUntilTimeout  stm32f4xx_hal_uart.o
    0x0800473c   0x0800473c   0x0000000c   Code   RO          537    i.USART2_IRQHandler  stm32f4xx_it.o
    0x08004748   0x08004748   0x00000040   Code   RO         1189    i.USER_DMA_Init     bluetooth.o
    0x08004788   0x08004788   0x0000006c   Code   RO         1190    i.USER_IDLE_Rxcallback  bluetooth.o
    0x080047f4   0x080047f4   0x00000002   Code   RO          538    i.UsageFault_Handler  stm32f4xx_it.o
    0x080047f6   0x080047f6   0x00000020   Code   RO         2036    i.__NVIC_SetPriority  stm32f4xx_hal_cortex.o
    0x08004816   0x08004816   0x0000007a   Code   RO         5843    i.__hardfp_sqrt     m_wm.l(sqrt.o)
    0x08004890   0x08004890   0x00000016   Code   RO          693    i.delay_us          robot.o
    0x080048a6   0x080048a6   0x00000010   Code   RO         5250    i.inHandlerMode     cmsis_os.o
    0x080048b6   0x080048b6   0x00000002   PAD
    0x080048b8   0x080048b8   0x00000064   Code   RO           17    i.main              main.o
    0x0800491c   0x0800491c   0x0000000c   Code   RO         5252    i.makeFreeRtosPriority  cmsis_os.o
    0x08004928   0x08004928   0x00000030   Code   RO          977    i.oled_write_byte   oled.o
    0x08004958   0x08004958   0x00000010   Code   RO         5254    i.osDelay           cmsis_os.o
    0x08004968   0x08004968   0x0000000a   Code   RO         5257    i.osKernelStart     cmsis_os.o
    0x08004972   0x08004972   0x00000058   Code   RO         5291    i.osThreadCreate    cmsis_os.o
    0x080049ca   0x080049ca   0x00000002   PAD
    0x080049cc   0x080049cc   0x0000003c   Code   RO         5302    i.osTimerCreate     cmsis_os.o
    0x08004a08   0x08004a08   0x00000064   Code   RO         5304    i.osTimerStart      cmsis_os.o
    0x08004a6c   0x08004a6c   0x00000070   Code   RO         4771    i.prvAddCurrentTaskToDelayedList  tasks.o
    0x08004adc   0x08004adc   0x00000088   Code   RO         4772    i.prvAddNewTaskToReadyList  tasks.o
    0x08004b64   0x08004b64   0x00000058   Code   RO         5096    i.prvCheckForValidListAndQueue  timers.o
    0x08004bbc   0x08004bbc   0x0000003c   Code   RO         4773    i.prvCheckTasksWaitingTermination  tasks.o
    0x08004bf8   0x08004bf8   0x00000028   Code   RO         4431    i.prvCopyDataFromQueue  queue.o
    0x08004c20   0x08004c20   0x0000006e   Code   RO         4432    i.prvCopyDataToQueue  queue.o
    0x08004c8e   0x08004c8e   0x00000040   Code   RO         4774    i.prvDeleteTCB      tasks.o
    0x08004cce   0x08004cce   0x00000002   PAD
    0x08004cd0   0x08004cd0   0x00000024   Code   RO         5097    i.prvGetNextExpireTime  timers.o
    0x08004cf4   0x08004cf4   0x0000004c   Code   RO         5619    i.prvHeapInit       heap_4.o
    0x08004d40   0x08004d40   0x00000028   Code   RO         4775    i.prvIdleTask       tasks.o
    0x08004d68   0x08004d68   0x00000018   Code   RO         4435    i.prvInitialiseNewQueue  queue.o
    0x08004d80   0x08004d80   0x00000094   Code   RO         4776    i.prvInitialiseNewTask  tasks.o
    0x08004e14   0x08004e14   0x00000050   Code   RO         5098    i.prvInitialiseNewTimer  timers.o
    0x08004e64   0x08004e64   0x00000058   Code   RO         4777    i.prvInitialiseTaskLists  tasks.o
    0x08004ebc   0x08004ebc   0x00000054   Code   RO         5620    i.prvInsertBlockIntoFreeList  heap_4.o
    0x08004f10   0x08004f10   0x00000040   Code   RO         5099    i.prvInsertTimerInActiveList  timers.o
    0x08004f50   0x08004f50   0x0000001a   Code   RO         4436    i.prvIsQueueEmpty   queue.o
    0x08004f6a   0x08004f6a   0x0000001e   Code   RO         4437    i.prvIsQueueFull    queue.o
    0x08004f88   0x08004f88   0x00000068   Code   RO         5100    i.prvProcessExpiredTimer  timers.o
    0x08004ff0   0x08004ff0   0x000000f0   Code   RO         5101    i.prvProcessReceivedCommands  timers.o
    0x080050e0   0x080050e0   0x0000006c   Code   RO         5102    i.prvProcessTimerOrBlockTask  timers.o
    0x0800514c   0x0800514c   0x00000024   Code   RO         4778    i.prvResetNextTaskUnblockTime  tasks.o
    0x08005170   0x08005170   0x0000002c   Code   RO         5103    i.prvSampleTimeNow  timers.o
    0x0800519c   0x0800519c   0x00000070   Code   RO         5104    i.prvSwitchTimerLists  timers.o
    0x0800520c   0x0800520c   0x0000002c   Code   RO         5676    i.prvTaskExitError  port.o
    0x08005238   0x08005238   0x00000014   Code   RO         5105    i.prvTimerTask      timers.o
    0x0800524c   0x0800524c   0x0000006a   Code   RO         4438    i.prvUnlockQueue    queue.o
    0x080052b6   0x080052b6   0x00000002   PAD
    0x080052b8   0x080052b8   0x000000dc   Code   RO         5621    i.pvPortMalloc      heap_4.o
    0x08005394   0x08005394   0x00000024   Code   RO         5677    i.pxPortInitialiseStack  port.o
    0x080053b8   0x080053b8   0x00000026   Code   RO         4391    i.uxListRemove      list.o
    0x080053de   0x080053de   0x00000002   PAD
    0x080053e0   0x080053e0   0x00000014   Code   RO          276    i.vApplicationGetIdleTaskMemory  freertos.o
    0x080053f4   0x080053f4   0x00000018   Code   RO          277    i.vApplicationGetTimerTaskMemory  freertos.o
    0x0800540c   0x0800540c   0x00000016   Code   RO         4392    i.vListInitialise   list.o
    0x08005422   0x08005422   0x00000006   Code   RO         4393    i.vListInitialiseItem  list.o
    0x08005428   0x08005428   0x00000030   Code   RO         4394    i.vListInsert       list.o
    0x08005458   0x08005458   0x00000018   Code   RO         4395    i.vListInsertEnd    list.o
    0x08005470   0x08005470   0x00000040   Code   RO         5679    i.vPortEnterCritical  port.o
    0x080054b0   0x080054b0   0x0000002c   Code   RO         5680    i.vPortExitCritical  port.o
    0x080054dc   0x080054dc   0x00000064   Code   RO         5622    i.vPortFree         heap_4.o
    0x08005540   0x08005540   0x00000024   Code   RO         5681    i.vPortSetupTimerInterrupt  port.o
    0x08005564   0x08005564   0x00000054   Code   RO         5682    i.vPortValidateInterruptPriority  port.o
    0x080055b8   0x080055b8   0x00000024   Code   RO         4442    i.vQueueAddToRegistry  queue.o
    0x080055dc   0x080055dc   0x00000046   Code   RO         4445    i.vQueueWaitForMessageRestricted  queue.o
    0x08005622   0x08005622   0x00000002   PAD
    0x08005624   0x08005624   0x00000050   Code   RO         4787    i.vTaskDelay        tasks.o
    0x08005674   0x08005674   0x00000010   Code   RO         4790    i.vTaskInternalSetTimeOutState  tasks.o
    0x08005684   0x08005684   0x0000000c   Code   RO         4791    i.vTaskMissedYield  tasks.o
    0x08005690   0x08005690   0x00000034   Code   RO         4793    i.vTaskPlaceOnEventList  tasks.o
    0x080056c4   0x080056c4   0x0000003c   Code   RO         4794    i.vTaskPlaceOnEventListRestricted  tasks.o
    0x08005700   0x08005700   0x00000090   Code   RO         4801    i.vTaskStartScheduler  tasks.o
    0x08005790   0x08005790   0x00000010   Code   RO         4803    i.vTaskSuspendAll   tasks.o
    0x080057a0   0x080057a0   0x00000060   Code   RO         4804    i.vTaskSwitchContext  tasks.o
    0x08005800   0x08005800   0x000000f4   Code   RO         5683    i.xPortStartScheduler  port.o
    0x080058f4   0x080058f4   0x0000006c   Code   RO         4449    i.xQueueGenericCreateStatic  queue.o
    0x08005960   0x08005960   0x0000008c   Code   RO         4450    i.xQueueGenericReset  queue.o
    0x080059ec   0x080059ec   0x00000164   Code   RO         4451    i.xQueueGenericSend  queue.o
    0x08005b50   0x08005b50   0x000000c0   Code   RO         4452    i.xQueueGenericSendFromISR  queue.o
    0x08005c10   0x08005c10   0x0000013c   Code   RO         4458    i.xQueueReceive     queue.o
    0x08005d4c   0x08005d4c   0x0000007c   Code   RO         4806    i.xTaskCheckForTimeOut  tasks.o
    0x08005dc8   0x08005dc8   0x00000064   Code   RO         4807    i.xTaskCreate       tasks.o
    0x08005e2c   0x08005e2c   0x0000005c   Code   RO         4808    i.xTaskCreateStatic  tasks.o
    0x08005e88   0x08005e88   0x0000001c   Code   RO         4812    i.xTaskGetSchedulerState  tasks.o
    0x08005ea4   0x08005ea4   0x0000000c   Code   RO         4813    i.xTaskGetTickCount  tasks.o
    0x08005eb0   0x08005eb0   0x000000d0   Code   RO         4815    i.xTaskIncrementTick  tasks.o
    0x08005f80   0x08005f80   0x00000098   Code   RO         4818    i.xTaskPriorityDisinherit  tasks.o
    0x08006018   0x08006018   0x0000007c   Code   RO         4820    i.xTaskRemoveFromEventList  tasks.o
    0x08006094   0x08006094   0x000000cc   Code   RO         4821    i.xTaskResumeAll    tasks.o
    0x08006160   0x08006160   0x00000034   Code   RO         5110    i.xTimerCreate      timers.o
    0x08006194   0x08006194   0x00000034   Code   RO         5111    i.xTimerCreateStatic  timers.o
    0x080061c8   0x080061c8   0x00000068   Code   RO         5112    i.xTimerCreateTimerTask  timers.o
    0x08006230   0x08006230   0x00000068   Code   RO         5113    i.xTimerGenericCommand  timers.o
    0x08006298   0x08006298   0x00000062   Code   RO         5835    x$fpl$d2f           fz_wm.l(d2f.o)
    0x080062fa   0x080062fa   0x00000002   PAD
    0x080062fc   0x080062fc   0x000002b0   Code   RO         5838    x$fpl$ddiv          fz_wm.l(ddiv.o)
    0x080065ac   0x080065ac   0x0000009c   Code   RO         6037    x$fpl$dnaninf       fz_wm.l(dnaninf.o)
    0x08006648   0x08006648   0x0000000c   Code   RO         6039    x$fpl$dretinf       fz_wm.l(dretinf.o)
    0x08006654   0x08006654   0x00000198   Code   RO         6041    x$fpl$dsqrt         fz_wm.l(dsqrt_umaal.o)
    0x080067ec   0x080067ec   0x00000056   Code   RO         5841    x$fpl$f2d           fz_wm.l(f2d.o)
    0x08006842   0x08006842   0x0000008c   Code   RO         6043    x$fpl$fnaninf       fz_wm.l(fnaninf.o)
    0x080068ce   0x080068ce   0x0000000a   Code   RO         6127    x$fpl$fpinit        fz_wm.l(fpinit.o)
    0x080068d8   0x080068d8   0x0000000a   Code   RO         6045    x$fpl$fretinf       fz_wm.l(fretinf.o)
    0x080068e2   0x080068e2   0x00000000   Code   RO         6055    x$fpl$usenofp       fz_wm.l(usenofp.o)
    0x080068e2   0x080068e2   0x00000002   PAD
    0x080068e4   0x080068e4   0x00000040   Data   RO          279    .constdata          freertos.o
    0x08006924   0x08006924   0x0000094c   Data   RO          979    .constdata          oled.o
    0x08007270   0x08007270   0x00000095   Data   RO         1191    .constdata          bluetooth.o
    0x08007305   0x08007305   0x00000008   Data   RO         1753    .constdata          stm32f4xx_hal_dma.o
    0x0800730d   0x0800730d   0x00000010   Data   RO         4254    .constdata          system_stm32f4xx.o
    0x0800731d   0x0800731d   0x00000008   Data   RO         4255    .constdata          system_stm32f4xx.o
    0x08007325   0x08007325   0x00000003   PAD
    0x08007328   0x08007328   0x00000017   Data   RO          280    .conststring        freertos.o
    0x0800733f   0x0800733f   0x00000001   PAD
    0x08007340   0x08007340   0x00000020   Data   RO         6251    Region$$Table       anon$$obj.o


    Execution Region RW_IRAM2 (Exec base: 0x10000000, Load base: 0x08007448, Size: 0x00000000, Max: 0x00010000, ABSOLUTE)

    **** No section assigned to this execution region ****


    Execution Region RW_IRAM1 (Exec base: 0x20000000, Load base: 0x08007360, Size: 0x00005530, Max: 0x00020000, ABSOLUTE, COMPRESSED[0x000000e8])

    Exec Addr    Load Addr    Size         Type   Attr      Idx    E Section Name        Object

    0x20000000   COMPRESSED   0x00000004   Data   RW           18    .data               main.o
    0x20000004   COMPRESSED   0x0000000c   Data   RW          281    .data               freertos.o
    0x20000010   COMPRESSED   0x00000004   Data   RW          694    .data               robot.o
    0x20000014   COMPRESSED   0x00000014   Data   RW          783    .data               line_patrol.o
    0x20000028   COMPRESSED   0x0000010c   Data   RW          823    .data               music.o
    0x20000134   COMPRESSED   0x00000008   Data   RW          981    .data               oled.o
    0x2000013c   COMPRESSED   0x000000c0   Data   RW         1192    .data               bluetooth.o
    0x200001fc   COMPRESSED   0x0000000c   Data   RW         2180    .data               stm32f4xx_hal.o
    0x20000208   COMPRESSED   0x00000004   Data   RW         4256    .data               system_stm32f4xx.o
    0x2000020c   COMPRESSED   0x0000003c   Data   RW         4824    .data               tasks.o
    0x20000248   COMPRESSED   0x00000014   Data   RW         5119    .data               timers.o
    0x2000025c   COMPRESSED   0x00000020   Data   RW         5628    .data               heap_4.o
    0x2000027c   COMPRESSED   0x0000000c   Data   RW         5684    .data               port.o
    0x20000288        -       0x000006a8   Zero   RW          278    .bss                freertos.o
    0x20000930        -       0x00000054   Zero   RW          374    .bss                i2c.o
    0x20000984        -       0x00000168   Zero   RW          421    .bss                tim.o
    0x20000aec        -       0x00000104   Zero   RW          488    .bss                usart.o
    0x20000bf0        -       0x00000048   Zero   RW          648    .bss                stm32f4xx_hal_timebase_tim.o
    0x20000c38        -       0x00000480   Zero   RW          978    .bss                oled.o
    0x200010b8        -       0x00000040   Zero   RW         4461    .bss                queue.o
    0x200010f8        -       0x000000f0   Zero   RW         4823    .bss                tasks.o
    0x200011e8        -       0x000000e8   Zero   RW         5118    .bss                timers.o
    0x200012d0        -       0x00003c00   Zero   RW         5627    .bss                heap_4.o
    0x20004ed0        -       0x00000060   Zero   RW         6059    .bss                c_w.l(libspace.o)
    0x20004f30        -       0x00000200   Zero   RW            2    HEAP                startup_stm32f407xx.o
    0x20005130        -       0x00000400   Zero   RW            1    STACK               startup_stm32f407xx.o


==============================================================================

Image component sizes


      Code (inc. data)   RO Data    RW Data    ZI Data      Debug   Object Name

       924         44        149        192          0       4442   bluetooth.o
       302          8          0          0          0      30194   cmsis_os.o
        60          4          0          0          0        746   dma.o
         0          0          0          0          0      19900   event_groups.o
       170         22         87         12       1704       4452   freertos.o
       444         32          0          0          0       1199   gpio.o
       480         26          0         32      15360       4903   heap_4.o
       168         26          0          0         84       1613   i2c.o
       288         20          0         20          0       1561   line_patrol.o
       138          0          0          0          0       3470   list.o
       328         28          0          4          0     736111   main.o
      1228         86          0          0          0       3994   motor.o
        88          8          0        268          0       1203   music.o
      1442        144       2380          8       1152      13364   oled.o
       112          4          0          0          0       2146   pid.o
       786         84          0         12          0      11741   port.o
      1554         20          0          0         64      17360   queue.o
       336         26          0          4          0       7507   robot.o
        64         26        392          0       1536        828   startup_stm32f407xx.o
       116         18          0         12          0       8594   stm32f4xx_hal.o
       158         14          0          0          0      33158   stm32f4xx_hal_cortex.o
      1236         14          8          0          0       7484   stm32f4xx_hal_dma.o
       516         50          0          0          0       3542   stm32f4xx_hal_gpio.o
      1404         30          0          0          0       8265   stm32f4xx_hal_i2c.o
        56          4          0          0          0        822   stm32f4xx_hal_msp.o
      1536         88          0          0          0       6845   stm32f4xx_hal_rcc.o
      2428        156          0          0          0      19140   stm32f4xx_hal_tim.o
       148         30          0          0          0       2453   stm32f4xx_hal_tim_ex.o
       116         16          0          0         72       1403   stm32f4xx_hal_timebase_tim.o
      1336         24          0          0          0      12057   stm32f4xx_hal_uart.o
        88         28          0          0          0       5458   stm32f4xx_it.o
         0          0          0          0          0        408   stream_buffer.o
        16          4         24          4          0       1079   system_stm32f4xx.o
      2204        174          0         60        240      27518   tasks.o
      1080         90          0          0        360       5438   tim.o
      1208         92          0         20        232      33787   timers.o
       336         32          0          0        260       1876   usart.o

    ----------------------------------------------------------------------
     22934       1472       3076        648      21064    1046061   Object Totals
         0          0         32          0          0          0   (incl. Generated)
        40          0          4          0          0          0   (incl. Padding)

    ----------------------------------------------------------------------

      Code (inc. data)   RO Data    RW Data    ZI Data      Debug   Library Member Name

        90          0          0          0          0          0   __dczerorl2.o
         8          0          0          0          0         68   __main.o
         0          0          0          0          0          0   __rtentry.o
        12          0          0          0          0          0   __rtentry2.o
         6          0          0          0          0          0   __rtentry4.o
        52          8          0          0          0          0   __scatter.o
        28          0          0          0          0          0   __scatter_zi.o
        22          0          0          0          0        100   _rserrno.o
        10          0          0          0          0         68   defsig_exit.o
        50          0          0          0          0         88   defsig_general.o
        80         58          0          0          0         76   defsig_rtmem_inner.o
        14          0          0          0          0         80   defsig_rtmem_outer.o
        18          0          0          0          0         80   exit.o
        94          0          0          0          0         80   h1_alloc.o
        52          0          0          0          0         68   h1_extend.o
        78          0          0          0          0         80   h1_free.o
        14          0          0          0          0         84   h1_init.o
         6          0          0          0          0        152   heapauxi.o
         4          0          0          0          0        136   hguard.o
         0          0          0          0          0          0   indicate_semi.o
       138          0          0          0          0        168   init_alloc.o
         2          0          0          0          0          0   libinit.o
        14          0          0          0          0          0   libinit2.o
         2          0          0          0          0          0   libshutdown.o
         2          0          0          0          0          0   libshutdown2.o
         8          4          0          0         96         68   libspace.o
       238          0          0          0          0        100   lludivv7m.o
         0          0          0          0          0          0   maybetermalloc1.o
         8          4          0          0          0         68   rt_errno_addr_intlibspace.o
         8          4          0          0          0         68   rt_heap_descriptor_intlibspace.o
        68          0          0          0          0         68   rt_memclr.o
        78          0          0          0          0         80   rt_memclr_w.o
       138          0          0          0          0         68   rt_memcpy_v6.o
       100          0          0          0          0         80   rt_memcpy_w.o
         2          0          0          0          0          0   rtexit.o
        10          0          0          0          0          0   rtexit2.o
        24          0          0          0          0         68   strcat.o
       128          0          0          0          0         68   strcmpv7m.o
        72          0          0          0          0         80   strcpy.o
        12          4          0          0          0         68   sys_exit.o
        74          0          0          0          0         80   sys_stackheap_outer.o
        14          0          0          0          0         76   sys_wrch.o
         2          0          0          0          0         68   use_no_semi.o
        98          4          0          0          0        140   d2f.o
       688        140          0          0          0        256   ddiv.o
       156          4          0          0          0        140   dnaninf.o
        12          0          0          0          0        116   dretinf.o
       408         56          0          0          0        168   dsqrt_umaal.o
        86          4          0          0          0        132   f2d.o
       140          4          0          0          0        132   fnaninf.o
        10          0          0          0          0        116   fpinit.o
        10          0          0          0          0        116   fretinf.o
         0          0          0          0          0          0   usenofp.o
       122          0          0          0          0        148   sqrt.o

    ----------------------------------------------------------------------
      3526        294          0          0         96       3900   Library Totals
        16          0          0          0          0          0   (incl. Padding)

    ----------------------------------------------------------------------

      Code (inc. data)   RO Data    RW Data    ZI Data      Debug   Library Name

      1780         82          0          0         96       2436   c_w.l
      1608        212          0          0          0       1316   fz_wm.l
       122          0          0          0          0        148   m_wm.l

    ----------------------------------------------------------------------
      3526        294          0          0         96       3900   Library Totals

    ----------------------------------------------------------------------

==============================================================================


      Code (inc. data)   RO Data    RW Data    ZI Data      Debug   

     26460       1766       3076        648      21160    1025109   Grand Totals
     26460       1766       3076        232      21160    1025109   ELF Image Totals (compressed)
     26460       1766       3076        232          0          0   ROM Totals

==============================================================================

    Total RO  Size (Code + RO Data)                29536 (  28.84kB)
    Total RW  Size (RW Data + ZI Data)             21808 (  21.30kB)
    Total ROM Size (Code + RO Data + RW Data)      29768 (  29.07kB)

==============================================================================

